../Core/Src/main.c:91:6:CAN1_Start_AllFilter	3
../Core/Src/main.c:123:5:main	6
../Core/Src/main.c:234:6:SystemClock_Config	3
../Core/Src/main.c:280:13:MX_CAN1_Init	2
../Core/Src/main.c:317:13:MX_I2C1_Init	2
../Core/Src/main.c:351:13:MX_I2S3_Init	2
../Core/Src/main.c:385:13:MX_SPI1_Init	2
../Core/Src/main.c:423:13:MX_USART2_UART_Init	2
../Core/Src/main.c:456:13:MX_GPIO_Init	1
../Core/Src/main.c:550:6:CAN_DebugPrint_Periodic	2
../Core/Src/main.c:573:6:UART_SendIMU	1
../Core/Src/main.c:588:6:Error_Handler	1
