../Core/Src/main.c:99:6:CAN1_Start_AllFilter	48	static
../Core/Src/main.c:130:5:main	288	static
../Core/Src/main.c:210:6:SystemClock_Config	88	static
../Core/Src/main.c:256:13:MX_CAN1_Init	8	static
../Core/Src/main.c:293:13:MX_I2C1_Init	8	static
../Core/Src/main.c:327:13:MX_I2S3_Init	8	static
../Core/Src/main.c:361:13:MX_SPI1_Init	8	static
../Core/Src/main.c:399:13:MX_USART2_UART_Init	8	static
../Core/Src/main.c:432:13:MX_GPIO_Init	56	static
../Core/Src/main.c:527:6:IMU_SendData_CAN	48	static
../Core/Src/main.c:573:6:IMU_SendData	72	static
../Core/Src/main.c:583:6:CAN_DebugPrint_Periodic	40	static
../Core/Src/main.c:611:6:Error_Handler	4	static,ignoring_inline_asm
