../Core/Src/main.c:232:5:main	16	static
../Core/Src/main.c:309:6:SystemClock_Config	72	static
../Core/Src/main.c:349:13:MX_CAN_Init	8	static
../Core/Src/main.c:386:13:MX_I2C1_Init	8	static
../Core/Src/main.c:420:13:MX_TIM3_Init	48	static
../Core/Src/main.c:469:13:MX_GPIO_Init	40	static
../Core/Src/main.c:517:13:CAN_FilterOnly_StdId_FIFO0	64	static
../Core/Src/main.c:541:13:CAN_StartRxInterrupt	8	static
../Core/Src/main.c:552:6:HAL_CAN_RxFifo0MsgPendingCallback	16	static
../Core/Src/main.c:572:13:motorSetPwm1000	16	static
../Core/Src/main.c:579:13:motorForward	8	static
../Core/Src/main.c:585:13:motorReverse	8	static
../Core/Src/main.c:591:13:motorStop	8	static
../Core/Src/main.c:596:16:isFrontLimitActive	8	static
../Core/Src/main.c:601:16:isRearLimitActive	8	static
../Core/Src/main.c:606:16:limitDebounced	16	static
../Core/Src/main.c:618:13:ToF_PowerDownAll	8	static
../Core/Src/main.c:625:13:ToF_PowerUpFrontOnly	8	static
../Core/Src/main.c:632:13:ToF_PowerUpRearOnly	8	static
../Core/Src/main.c:639:16:ToF_InitOne	128	static
../Core/Src/main.c:679:16:ToF_SetAddress	24	static
../Core/Src/main.c:689:14:ToF_ReadCmOnce	48	static
../Core/Src/main.c:701:13:initToFSensorsDual	8	static
../Core/Src/main.c:732:13:updateDistancesPeriodic	16	static
../Core/Src/main.c:749:13:setErrorSimple	8	static
../Core/Src/main.c:758:13:clearError	4	static
../Core/Src/main.c:763:13:configurePushProfile	8	static
../Core/Src/main.c:797:13:onActionCompleteUpdateCounts	4	static
../Core/Src/main.c:816:13:handleStateHomeBack	8	static
../Core/Src/main.c:827:13:handleStateWaitReady	8	static
../Core/Src/main.c:878:13:handleStateMoveFwd	16	static
../Core/Src/main.c:912:13:handleStateMoveRev	8	static
../Core/Src/main.c:923:13:handleStateComplete	8	static
../Core/Src/main.c:930:13:stepStateMachine	16	static
../Core/Src/main.c:975:13:applyCommand	16	static
../Core/Src/main.c:1018:6:Error_Handler	4	static,ignoring_inline_asm
