Archive member included to satisfy reference by file (symbol)

C:/ST/STM32CubeIDE_1.19.0/STM32CubeIDE/plugins/com.st.stm32cube.ide.mcu.externaltools.gnu-tools-for-stm32.13.3.rel1.win32_1.0.0.202411081344/tools/bin/../lib/gcc/arm-none-eabi/13.3.1/../../../../arm-none-eabi/lib/thumb/v7-m/nofp\libc_nano.a(libc_a-exit.o)
                              C:/ST/STM32CubeIDE_1.19.0/STM32CubeIDE/plugins/com.st.stm32cube.ide.mcu.externaltools.gnu-tools-for-stm32.13.3.rel1.win32_1.0.0.202411081344/tools/bin/../lib/gcc/arm-none-eabi/13.3.1/../../../../arm-none-eabi/lib/thumb/v7-m/nofp/crt0.o (exit)
C:/ST/STM32CubeIDE_1.19.0/STM32CubeIDE/plugins/com.st.stm32cube.ide.mcu.externaltools.gnu-tools-for-stm32.13.3.rel1.win32_1.0.0.202411081344/tools/bin/../lib/gcc/arm-none-eabi/13.3.1/../../../../arm-none-eabi/lib/thumb/v7-m/nofp\libc_nano.a(libc_a-findfp.o)
                              C:/ST/STM32CubeIDE_1.19.0/STM32CubeIDE/plugins/com.st.stm32cube.ide.mcu.externaltools.gnu-tools-for-stm32.13.3.rel1.win32_1.0.0.202411081344/tools/bin/../lib/gcc/arm-none-eabi/13.3.1/../../../../arm-none-eabi/lib/thumb/v7-m/nofp\libc_nano.a(libc_a-exit.o) (__stdio_exit_handler)
C:/ST/STM32CubeIDE_1.19.0/STM32CubeIDE/plugins/com.st.stm32cube.ide.mcu.externaltools.gnu-tools-for-stm32.13.3.rel1.win32_1.0.0.202411081344/tools/bin/../lib/gcc/arm-none-eabi/13.3.1/../../../../arm-none-eabi/lib/thumb/v7-m/nofp\libc_nano.a(libc_a-fwalk.o)
                              C:/ST/STM32CubeIDE_1.19.0/STM32CubeIDE/plugins/com.st.stm32cube.ide.mcu.externaltools.gnu-tools-for-stm32.13.3.rel1.win32_1.0.0.202411081344/tools/bin/../lib/gcc/arm-none-eabi/13.3.1/../../../../arm-none-eabi/lib/thumb/v7-m/nofp\libc_nano.a(libc_a-findfp.o) (_fwalk_sglue)
C:/ST/STM32CubeIDE_1.19.0/STM32CubeIDE/plugins/com.st.stm32cube.ide.mcu.externaltools.gnu-tools-for-stm32.13.3.rel1.win32_1.0.0.202411081344/tools/bin/../lib/gcc/arm-none-eabi/13.3.1/../../../../arm-none-eabi/lib/thumb/v7-m/nofp\libc_nano.a(libc_a-stdio.o)
                              C:/ST/STM32CubeIDE_1.19.0/STM32CubeIDE/plugins/com.st.stm32cube.ide.mcu.externaltools.gnu-tools-for-stm32.13.3.rel1.win32_1.0.0.202411081344/tools/bin/../lib/gcc/arm-none-eabi/13.3.1/../../../../arm-none-eabi/lib/thumb/v7-m/nofp\libc_nano.a(libc_a-findfp.o) (__sread)
C:/ST/STM32CubeIDE_1.19.0/STM32CubeIDE/plugins/com.st.stm32cube.ide.mcu.externaltools.gnu-tools-for-stm32.13.3.rel1.win32_1.0.0.202411081344/tools/bin/../lib/gcc/arm-none-eabi/13.3.1/../../../../arm-none-eabi/lib/thumb/v7-m/nofp\libc_nano.a(libc_a-memset.o)
                              C:/ST/STM32CubeIDE_1.19.0/STM32CubeIDE/plugins/com.st.stm32cube.ide.mcu.externaltools.gnu-tools-for-stm32.13.3.rel1.win32_1.0.0.202411081344/tools/bin/../lib/gcc/arm-none-eabi/13.3.1/../../../../arm-none-eabi/lib/thumb/v7-m/nofp/crt0.o (memset)
C:/ST/STM32CubeIDE_1.19.0/STM32CubeIDE/plugins/com.st.stm32cube.ide.mcu.externaltools.gnu-tools-for-stm32.13.3.rel1.win32_1.0.0.202411081344/tools/bin/../lib/gcc/arm-none-eabi/13.3.1/../../../../arm-none-eabi/lib/thumb/v7-m/nofp\libc_nano.a(libc_a-closer.o)
                              C:/ST/STM32CubeIDE_1.19.0/STM32CubeIDE/plugins/com.st.stm32cube.ide.mcu.externaltools.gnu-tools-for-stm32.13.3.rel1.win32_1.0.0.202411081344/tools/bin/../lib/gcc/arm-none-eabi/13.3.1/../../../../arm-none-eabi/lib/thumb/v7-m/nofp\libc_nano.a(libc_a-stdio.o) (_close_r)
C:/ST/STM32CubeIDE_1.19.0/STM32CubeIDE/plugins/com.st.stm32cube.ide.mcu.externaltools.gnu-tools-for-stm32.13.3.rel1.win32_1.0.0.202411081344/tools/bin/../lib/gcc/arm-none-eabi/13.3.1/../../../../arm-none-eabi/lib/thumb/v7-m/nofp\libc_nano.a(libc_a-reent.o)
                              C:/ST/STM32CubeIDE_1.19.0/STM32CubeIDE/plugins/com.st.stm32cube.ide.mcu.externaltools.gnu-tools-for-stm32.13.3.rel1.win32_1.0.0.202411081344/tools/bin/../lib/gcc/arm-none-eabi/13.3.1/../../../../arm-none-eabi/lib/thumb/v7-m/nofp\libc_nano.a(libc_a-closer.o) (errno)
C:/ST/STM32CubeIDE_1.19.0/STM32CubeIDE/plugins/com.st.stm32cube.ide.mcu.externaltools.gnu-tools-for-stm32.13.3.rel1.win32_1.0.0.202411081344/tools/bin/../lib/gcc/arm-none-eabi/13.3.1/../../../../arm-none-eabi/lib/thumb/v7-m/nofp\libc_nano.a(libc_a-impure.o)
                              C:/ST/STM32CubeIDE_1.19.0/STM32CubeIDE/plugins/com.st.stm32cube.ide.mcu.externaltools.gnu-tools-for-stm32.13.3.rel1.win32_1.0.0.202411081344/tools/bin/../lib/gcc/arm-none-eabi/13.3.1/../../../../arm-none-eabi/lib/thumb/v7-m/nofp\libc_nano.a(libc_a-reent.o) (_impure_ptr)
C:/ST/STM32CubeIDE_1.19.0/STM32CubeIDE/plugins/com.st.stm32cube.ide.mcu.externaltools.gnu-tools-for-stm32.13.3.rel1.win32_1.0.0.202411081344/tools/bin/../lib/gcc/arm-none-eabi/13.3.1/../../../../arm-none-eabi/lib/thumb/v7-m/nofp\libc_nano.a(libc_a-lseekr.o)
[...]
Memory Configuration

Name             Origin             Length             Attributes
RAM              0x20000000         0x00005000         xrw
FLASH            0x08000000         0x00010000         xr
*default*        0x00000000         0xffffffff

Linker script and memory map

LOAD C:/ST/STM32CubeIDE_1.19.0/STM32CubeIDE/plugins/com.st.stm32cube.ide.mcu.externaltools.gnu-tools-for-stm32.13.3.rel1.win32_1.0.0.202411081344/tools/bin/../lib/gcc/arm-none-eabi/13.3.1/thumb/v7-m/nofp/crti.o
LOAD C:/ST/STM32CubeIDE_1.19.0/STM32CubeIDE/plugins/com.st.stm32cube.ide.mcu.externaltools.gnu-tools-for-stm32.13.3.rel1.win32_1.0.0.202411081344/tools/bin/../lib/gcc/arm-none-eabi/13.3.1/thumb/v7-m/nofp/crtbegin.o
LOAD C:/ST/STM32CubeIDE_1.19.0/STM32CubeIDE/plugins/com.st.stm32cube.ide.mcu.externaltools.gnu-tools-for-stm32.13.3.rel1.win32_1.0.0.202411081344/tools/bin/../lib/gcc/arm-none-eabi/13.3.1/../../../../arm-none-eabi/lib/thumb/v7-m/nofp/crt0.o
LOAD ./Core/Src/main.o
LOAD ./Core/Src/stm32f1xx_hal_msp.o
LOAD ./Core/Src/stm32f1xx_it.o
LOAD ./Core/Src/syscalls.o
LOAD ./Core/Src/sysmem.o
LOAD ./Core/Src/system_stm32f1xx.o
LOAD ./Core/Startup/startup_stm32f103c8tx.o
LOAD ./Drivers/STM32F1xx_HAL_Driver/Src/stm32f1xx_hal.o
LOAD ./Drivers/STM32F1xx_HAL_Driver/Src/stm32f1xx_hal_can.o
LOAD ./Drivers/STM32F1xx_HAL_Driver/Src/stm32f1xx_hal_cortex.o
LOAD ./Drivers/STM32F1xx_HAL_Driver/Src/stm32f1xx_hal_dma.o
LOAD ./Drivers/STM32F1xx_HAL_Driver/Src/stm32f1xx_hal_exti.o
LOAD ./Drivers/STM32F1xx_HAL_Driver/Src/stm32f1xx_hal_flash.o
LOAD ./Drivers/STM32F1xx_HAL_Driver/Src/stm32f1xx_hal_flash_ex.o
LOAD ./Drivers/STM32F1xx_HAL_Driver/Src/stm32f1xx_hal_gpio.o
LOAD ./Drivers/STM32F1xx_HAL_Driver/Src/stm32f1xx_hal_gpio_ex.o
LOAD ./Drivers/STM32F1xx_HAL_Driver/Src/stm32f1xx_hal_i2c.o
LOAD ./Drivers/STM32F1xx_HAL_Driver/Src/stm32f1xx_hal_pwr.o
LOAD ./Drivers/STM32F1xx_HAL_Driver/Src/stm32f1xx_hal_rcc.o
LOAD ./Drivers/STM32F1xx_HAL_Driver/Src/stm32f1xx_hal_rcc_ex.o
LOAD ./Drivers/STM32F1xx_HAL_Driver/Src/stm32f1xx_hal_tim.o
LOAD ./Drivers/STM32F1xx_HAL_Driver/Src/stm32f1xx_hal_tim_ex.o
LOAD ./Drivers/VL53L0X/core/src/vl53l0x_api.o
LOAD ./Drivers/VL53L0X/core/src/vl53l0x_api_calibration.o
LOAD ./Drivers/VL53L0X/core/src/vl53l0x_api_core.o
LOAD ./Drivers/VL53L0X/core/src/vl53l0x_api_ranging.o
LOAD ./Drivers/VL53L0X/core/src/vl53l0x_api_strings.o
LOAD ./Drivers/VL53L0X/platform/src/vl53l0x_platform.o
LOAD ./Drivers/VL53L0X/platform/src/vl53l0x_platform_log.o
START GROUP
LOAD C:/ST/STM32CubeIDE_1.19.0/STM32CubeIDE/plugins/com.st.stm32cube.ide.mcu.externaltools.gnu-tools-for-stm32.13.3.rel1.win32_1.0.0.202411081344/tools/bin/../lib/gcc/arm-none-eabi/13.3.1/../../../../arm-none-eabi/lib/thumb/v7-m/nofp\libc_nano.a
LOAD C:/ST/STM32CubeIDE_1.19.0/STM32CubeIDE/plugins/com.st.stm32cube.ide.mcu.externaltools.gnu-tools-for-stm32.13.3.rel1.win32_1.0.0.202411081344/tools/bin/../lib/gcc/arm-none-eabi/13.3.1/../../../../arm-none-eabi/lib/thumb/v7-m/nofp\libm.a
END GROUP
START GROUP
LOAD C:/ST/STM32CubeIDE_1.19.0/STM32CubeIDE/plugins/com.st.stm32cube.ide.mcu.externaltools.gnu-tools-for-stm32.13.3.rel1.win32_1.0.0.202411081344/tools/bin/../lib/gcc/arm-none-eabi/13.3.1/thumb/v7-m/nofp\libgcc.a
LOAD C:/ST/STM32CubeIDE_1.19.0/STM32CubeIDE/plugins/com.st.stm32cube.ide.mcu.externaltools.gnu-tools-for-stm32.13.3.rel1.win32_1.0.0.202411081344/tools/bin/../lib/gcc/arm-none-eabi/13.3.1/../../../../arm-none-eabi/lib/thumb/v7-m/nofp\libc_nano.a
END GROUP
START GROUP
LOAD C:/ST/STM32CubeIDE_1.19.0/STM32CubeIDE/plugins/com.st.stm32cube.ide.mcu.externaltools.gnu-tools-for-stm32.13.3.rel1.win32_1.0.0.202411081344/tools/bin/../lib/gcc/arm-none-eabi/13.3.1/thumb/v7-m/nofp\libgcc.a
LOAD C:/ST/STM32CubeIDE_1.19.0/STM32CubeIDE/plugins/com.st.stm32cube.ide.mcu.externaltools.gnu-tools-for-stm32.13.3.rel1.win32_1.0.0.202411081344/tools/bin/../lib/gcc/arm-none-eabi/13.3.1/../../../../arm-none-eabi/lib/thumb/v7-m/nofp\libc_nano.a
LOAD C:/ST/STM32CubeIDE_1.19.0/STM32CubeIDE/plugins/com.st.stm32cube.ide.mcu.externaltools.gnu-tools-for-stm32.13.3.rel1.win32_1.0.0.202411081344/tools/bin/../lib/gcc/arm-none-eabi/13.3.1/../../../../arm-none-eabi/lib/thumb/v7-m/nofp\libnosys.a
END GROUP
START GROUP
LOAD C:/ST/STM32CubeIDE_1.19.0/STM32CubeIDE/plugins/com.st.stm32cube.ide.mcu.externaltools.gnu-tools-for-stm32.13.3.rel1.win32_1.0.0.202411081344/tools/bin/../lib/gcc/arm-none-eabi/13.3.1/thumb/v7-m/nofp\libgcc.a
LOAD C:/ST/STM32CubeIDE_1.19.0/STM32CubeIDE/plugins/com.st.stm32cube.ide.mcu.externaltools.gnu-tools-for-stm32.13.3.rel1.win32_1.0.0.202411081344/tools/bin/../lib/gcc/arm-none-eabi/13.3.1/../../../../arm-none-eabi/lib/thumb/v7-m/nofp\libc_nano.a
LOAD C:/ST/STM32CubeIDE_1.19.0/STM32CubeIDE/plugins/com.st.stm32cube.ide.mcu.externaltools.gnu-tools-for-stm32.13.3.rel1.win32_1.0.0.202411081344/tools/bin/../lib/gcc/arm-none-eabi/13.3.1/../../../../arm-none-eabi/lib/thumb/v7-m/nofp\libnosys.a
END GROUP
LOAD C:/ST/STM32CubeIDE_1.19.0/STM32CubeIDE/plugins/com.st.stm32cube.ide.mcu.externaltools.gnu-tools-for-stm32.13.3.rel1.win32_1.0.0.202411081344/tools/bin/../lib/gcc/arm-none-eabi/13.3.1/thumb/v7-m/nofp/crtend.o
LOAD C:/ST/STM32CubeIDE_1.19.0/STM32CubeIDE/plugins/com.st.stm32cube.ide.mcu.externaltools.gnu-tools-for-stm32.13.3.rel1.win32_1.0.0.202411081344/tools/bin/../lib/gcc/arm-none-eabi/13.3.1/thumb/v7-m/nofp/crtn.o
                0x20005000                        _estack = (ORIGIN (RAM) + LENGTH (RAM))
                0x00000200                        _Min_Heap_Size = 0x200
                0x00000400                        _Min_Stack_Size = 0x400

.isr_vector     0x08000000      0x10c
                0x08000000                        . = ALIGN (0x4)
 *(.isr_vector)
 .isr_vector    0x08000000      0x10c ./Core/Startup/startup_stm32f103c8tx.o
                0x08000000                g_pfnVectors
                0x0800010c                        . = ALIGN (0x4)

.text           0x0800010c     0x968c
                0x0800010c                        . = ALIGN (0x4)
 *(.text)
 .text          0x0800010c       0x40 C:/ST/STM32CubeIDE_1.19.0/STM32CubeIDE/plugins/com.st.stm32cube.ide.mcu.externaltools.gnu-tools-for-stm32.13.3.rel1.win32_1.0.0.202411081344/tools/bin/../lib/gcc/arm-none-eabi/13.3.1/thumb/v7-m/nofp/crtbegin.o
 .text          0x0800014c      0x21c C:/ST/STM32CubeIDE_1.19.0/STM32CubeIDE/plugins/com.st.stm32cube.ide.mcu.externaltools.gnu-tools-for-stm32.13.3.rel1.win32_1.0.0.202411081344/tools/bin/../lib/gcc/arm-none-eabi/13.3.1/thumb/v7-m/nofp\libgcc.a(_arm_addsubsf3.o)
                0x0800014c                __aeabi_frsub
                0x08000154                __subsf3
                0x08000154                __aeabi_fsub
                0x08000158                __aeabi_fadd
                0x08000158                __addsf3
                0x080002b8                __aeabi_ui2f
                0x080002b8                __floatunsisf
                0x080002c0                __aeabi_i2f
                0x080002c0                __floatsisf
                0x080002dc                __aeabi_ul2f
                0x080002dc                __floatundisf
                0x080002ec                __aeabi_l2f
                0x080002ec                __floatdisf
 .text          0x08000368      0x2a0 C:/ST/STM32CubeIDE_1.19.0/STM32CubeIDE/plugins/com.st.stm32cube.ide.mcu.externaltools.gnu-tools-for-stm32.13.3.rel1.win32_1.0.0.202411081344/tools/bin/../lib/gcc/arm-none-eabi/13.3.1/thumb/v7-m/nofp\libgcc.a(_arm_muldivsf3.o)
                0x08000368                __mulsf3
                0x08000368                __aeabi_fmul
                0x080004d0                __aeabi_fdiv
                0x080004d0                __divsf3
 .text          0x08000608       0xec C:/ST/STM32CubeIDE_1.19.0/STM32CubeIDE/plugins/com.st.stm32cube.ide.mcu.externaltools.gnu-tools-for-stm32.13.3.rel1.win32_1.0.0.202411081344/tools/bin/../lib/gcc/arm-none-eabi/13.3.1/thumb/v7-m/nofp\libgcc.a(_arm_cmpsf2.o)
                0x08000608                __gesf2
                0x08000608                __gtsf2
                0x08000610                __lesf2
                0x08000610                __ltsf2
                0x08000618                __nesf2
                0x08000618                __eqsf2
                0x08000618                __cmpsf2
                0x08000678                __aeabi_cfrcmple
                0x08000680                __aeabi_cfcmpeq
                0x08000680                __aeabi_cfcmple
                0x08000690                __aeabi_fcmpeq
                0x080006a4                __aeabi_fcmplt
                0x080006b8                __aeabi_fcmple
                0x080006cc                __aeabi_fcmpge
                0x080006e0                __aeabi_fcmpgt
 *(.text*)
 .text.main     0x080006f4       0x94 ./Core/Src/main.o
                0x080006f4                main
 .text.SystemClock_Config
                0x08000788       0x8a ./Core/Src/main.o
                0x08000788                SystemClock_Config
 *fill*         0x08000812        0x2 
 .text.MX_CAN_Init
                0x08000814       0x6c ./Core/Src/main.o
 .text.MX_I2C1_Init
                0x08000880       0x5c ./Core/Src/main.o
 .text.MX_TIM3_Init
                0x080008dc       0xb4 ./Core/Src/main.o
 .text.MX_GPIO_Init
                0x08000990       0xd4 ./Core/Src/main.o
 .text.CAN_FilterOnly_StdId_FIFO0
                0x08000a64       0x68 ./Core/Src/main.o
 .text.CAN_StartRxInterrupt
                0x08000acc       0x30 ./Core/Src/main.o
 .text.HAL_CAN_RxFifo0MsgPendingCallback
                0x08000afc       0x7c ./Core/Src/main.o
                0x08000afc                HAL_CAN_RxFifo0MsgPendingCallback
 .text.motorSetPwm1000
                0x08000b78       0x30 ./Core/Src/main.o
 .text.motorForward
                0x08000ba8       0x24 ./Core/Src/main.o
 .text.motorReverse
                0x08000bcc       0x28 ./Core/Src/main.o
 .text.motorStop
                0x08000bf4        0xe ./Core/Src/main.o
 *fill*         0x08000c02        0x2 
 .text.isFrontLimitActive
                0x08000c04       0x20 ./Core/Src/main.o
 .text.isRearLimitActive
                0x08000c24       0x20 ./Core/Src/main.o
 .text.limitDebounced
                0x08000c44       0x34 ./Core/Src/main.o
 .text.ToF_PowerDownAll
                0x08000c78       0x28 ./Core/Src/main.o
 .text.ToF_PowerUpFrontOnly
                0x08000ca0       0x28 ./Core/Src/main.o
 .text.ToF_PowerUpRearOnly
                0x08000cc8       0x28 ./Core/Src/main.o
 .text.ToF_InitOne
                0x08000cf0       0xf0 ./Core/Src/main.o
 .text.ToF_SetAddress
                0x08000de0       0x38 ./Core/Src/main.o
 .text.ToF_ReadCmOnce
                0x08000e18       0x58 ./Core/Src/main.o
 .text.initToFSensorsDual
                0x08000e70       0xdc ./Core/Src/main.o
 .text.updateDistancesPeriodic
                0x08000f4c       0x84 ./Core/Src/main.o
 .text.setErrorSimple
                0x08000fd0       0x34 ./Core/Src/main.o
 .text.clearError
                0x08001004       0x18 ./Core/Src/main.o
 .text.configurePushProfile
                0x0800101c       0xd4 ./Core/Src/main.o
 .text.onActionCompleteUpdateCounts
                0x080010f0       0x78 ./Core/Src/main.o
 .text.handleStateHomeBack
                0x08001168       0x34 ./Core/Src/main.o
 .text.handleStateWaitReady
                0x0800119c      0x124 ./Core/Src/main.o
 .text.handleStateMoveFwd
                0x080012c0       0xe8 ./Core/Src/main.o
 .text.handleStateMoveRev
                0x080013a8       0x3c ./Core/Src/main.o
 .text.handleStateComplete
                0x080013e4       0x24 ./Core/Src/main.o
 .text.stepStateMachine
                0x08001408      0x118 ./Core/Src/main.o
 .text.applyCommand
                0x08001520       0xb4 ./Core/Src/main.o
 .text.Error_Handler
                0x080015d4        0xc ./Core/Src/main.o
                0x080015d4                Error_Handler
 .text.HAL_MspInit
                0x080015e0       0x64 ./Core/Src/stm32f1xx_hal_msp.o
                0x080015e0                HAL_MspInit
 .text.HAL_CAN_MspInit
                0x08001644       0xa8 ./Core/Src/stm32f1xx_hal_msp.o
                0x08001644                HAL_CAN_MspInit
 .text.HAL_I2C_MspInit
                0x080016ec       0x7c ./Core/Src/stm32f1xx_hal_msp.o
                0x080016ec                HAL_I2C_MspInit
 .text.HAL_TIM_PWM_MspInit
                0x08001768       0x3c ./Core/Src/stm32f1xx_hal_msp.o
                0x08001768                HAL_TIM_PWM_MspInit
 .text.HAL_TIM_MspPostInit
                0x080017a4       0x64 ./Core/Src/stm32f1xx_hal_msp.o
                0x080017a4                HAL_TIM_MspPostInit
 .text.NMI_Handler
                0x08001808        0x8 ./Core/Src/stm32f1xx_it.o
                0x08001808                NMI_Handler
 .text.HardFault_Handler
                0x08001810        0x8 ./Core/Src/stm32f1xx_it.o
                0x08001810                HardFault_Handler
 .text.MemManage_Handler
                0x08001818        0x8 ./Core/Src/stm32f1xx_it.o
                0x08001818                MemManage_Handler
 .text.BusFault_Handler
                0x08001820        0x8 ./Core/Src/stm32f1xx_it.o
                0x08001820                BusFault_Handler
 .text.UsageFault_Handler
                0x08001828        0x8 ./Core/Src/stm32f1xx_it.o
                0x08001828                UsageFault_Handler
 .text.SVC_Handler
                0x08001830        0xc ./Core/Src/stm32f1xx_it.o
                0x08001830                SVC_Handler
 .text.DebugMon_Handler
                0x0800183c        0xc ./Core/Src/stm32f1xx_it.o
                0x0800183c                DebugMon_Handler
 .text.PendSV_Handler
                0x08001848        0xc ./Core/Src/stm32f1xx_it.o
                0x08001848                PendSV_Handler
 .text.SysTick_Handler
                0x08001854        0xc ./Core/Src/stm32f1xx_it.o
                0x08001854                SysTick_Handler
 .text.CAN1_RX1_IRQHandler
                0x08001860       0x14 ./Core/Src/stm32f1xx_it.o
                0x08001860                CAN1_RX1_IRQHandler
 .text.SystemInit
                0x08001874        0xc ./Core/Src/system_stm32f1xx.o
                0x08001874                SystemInit
 .text.Reset_Handler
                0x08001880       0x48 ./Core/Startup/startup_stm32f103c8tx.o
                0x08001880                Reset_Handler
 .text.Default_Handler
                0x080018c8        0x2 ./Core/Startup/startup_stm32f103c8tx.o
                0x080018c8                RTC_Alarm_IRQHandler
                0x080018c8                EXTI2_IRQHandler
                0x080018c8                TIM1_CC_IRQHandler
                0x080018c8                PVD_IRQHandler
                0x080018c8                EXTI3_IRQHandler
                0x080018c8                EXTI0_IRQHandler
                0x080018c8                I2C2_EV_IRQHandler
                0x080018c8                ADC1_2_IRQHandler
                0x080018c8                SPI1_IRQHandler
                0x080018c8                TAMPER_IRQHandler
                0x080018c8                DMA1_Channel4_IRQHandler
                0x080018c8                USART3_IRQHandler
                0x080018c8                RTC_IRQHandler
                0x080018c8                DMA1_Channel7_IRQHandler
                0x080018c8                TIM4_IRQHandler
                0x080018c8                I2C1_EV_IRQHandler
                0x080018c8                DMA1_Channel6_IRQHandler
                0x080018c8                TIM3_IRQHandler
                0x080018c8                RCC_IRQHandler
                0x080018c8                TIM1_TRG_COM_IRQHandler
                0x080018c8                DMA1_Channel1_IRQHandler
                0x080018c8                Default_Handler
                0x080018c8                EXTI15_10_IRQHandler
                0x080018c8                EXTI9_5_IRQHandler
                0x080018c8                SPI2_IRQHandler
                0x080018c8                DMA1_Channel5_IRQHandler
                0x080018c8                EXTI4_IRQHandler
                0x080018c8                USB_LP_CAN1_RX0_IRQHandler
                0x080018c8                USB_HP_CAN1_TX_IRQHandler
                0x080018c8                DMA1_Channel3_IRQHandler
                0x080018c8                TIM1_UP_IRQHandler
                0x080018c8                WWDG_IRQHandler
                0x080018c8                TIM2_IRQHandler
                0x080018c8                TIM1_BRK_IRQHandler
                0x080018c8                EXTI1_IRQHandler
                0x080018c8                USART2_IRQHandler
                0x080018c8                I2C2_ER_IRQHandler
                0x080018c8                DMA1_Channel2_IRQHandler
                0x080018c8                CAN1_SCE_IRQHandler
                0x080018c8                FLASH_IRQHandler
                0x080018c8                USART1_IRQHandler
                0x080018c8                I2C1_ER_IRQHandler
                0x080018c8                USBWakeUp_IRQHandler
 *fill*         0x080018ca        0x2 
 .text.HAL_Init
                0x080018cc       0x2c ./Drivers/STM32F1xx_HAL_Driver/Src/stm32f1xx_hal.o
                0x080018cc                HAL_Init
 .text.HAL_InitTick
                0x080018f8       0x60 ./Drivers/STM32F1xx_HAL_Driver/Src/stm32f1xx_hal.o
                0x080018f8                HAL_InitTick
 .text.HAL_IncTick
                0x08001958       0x24 ./Drivers/STM32F1xx_HAL_Driver/Src/stm32f1xx_hal.o
                0x08001958                HAL_IncTick
 .text.HAL_GetTick
                0x0800197c       0x14 ./Drivers/STM32F1xx_HAL_Driver/Src/stm32f1xx_hal.o
                0x0800197c                HAL_GetTick
 .text.HAL_Delay
                0x08001990       0x48 ./Drivers/STM32F1xx_HAL_Driver/Src/stm32f1xx_hal.o
                0x08001990                HAL_Delay
 .text.HAL_CAN_Init
                0x080019d8      0x1f6 ./Drivers/STM32F1xx_HAL_Driver/Src/stm32f1xx_hal_can.o
                0x080019d8                HAL_CAN_Init
 .text.HAL_CAN_ConfigFilter
                0x08001bce      0x192 ./Drivers/STM32F1xx_HAL_Driver/Src/stm32f1xx_hal_can.o
                0x08001bce                HAL_CAN_ConfigFilter
 .text.HAL_CAN_Start
                0x08001d60       0x88 ./Drivers/STM32F1xx_HAL_Driver/Src/stm32f1xx_hal_can.o
                0x08001d60                HAL_CAN_Start
 .text.HAL_CAN_GetRxMessage
                0x08001de8      0x242 ./Drivers/STM32F1xx_HAL_Driver/Src/stm32f1xx_hal_can.o
                0x08001de8                HAL_CAN_GetRxMessage
 .text.HAL_CAN_ActivateNotification
                0x0800202a       0x4a ./Drivers/STM32F1xx_HAL_Driver/Src/stm32f1xx_hal_can.o
                0x0800202a                HAL_CAN_ActivateNotification
 .text.HAL_CAN_IRQHandler
                0x08002074      0x36e ./Drivers/STM32F1xx_HAL_Driver/Src/stm32f1xx_hal_can.o
                0x08002074                HAL_CAN_IRQHandler
 .text.HAL_CAN_TxMailbox0CompleteCallback
                0x080023e2       0x12 ./Drivers/STM32F1xx_HAL_Driver/Src/stm32f1xx_hal_can.o
                0x080023e2                HAL_CAN_TxMailbox0CompleteCallback
 .text.HAL_CAN_TxMailbox1CompleteCallback
                0x080023f4       0x12 ./Drivers/STM32F1xx_HAL_Driver/Src/stm32f1xx_hal_can.o
                0x080023f4                HAL_CAN_TxMailbox1CompleteCallback
 .text.HAL_CAN_TxMailbox2CompleteCallback
                0x08002406       0x12 ./Drivers/STM32F1xx_HAL_Driver/Src/stm32f1xx_hal_can.o
                0x08002406                HAL_CAN_TxMailbox2CompleteCallback
 .text.HAL_CAN_TxMailbox0AbortCallback
                0x08002418       0x12 ./Drivers/STM32F1xx_HAL_Driver/Src/stm32f1xx_hal_can.o
                0x08002418                HAL_CAN_TxMailbox0AbortCallback
 .text.HAL_CAN_TxMailbox1AbortCallback
                0x0800242a       0x12 ./Drivers/STM32F1xx_HAL_Driver/Src/stm32f1xx_hal_can.o
                0x0800242a                HAL_CAN_TxMailbox1AbortCallback
 .text.HAL_CAN_TxMailbox2AbortCallback
                0x0800243c       0x12 ./Drivers/STM32F1xx_HAL_Driver/Src/stm32f1xx_hal_can.o
                0x0800243c                HAL_CAN_TxMailbox2AbortCallback
 .text.HAL_CAN_RxFifo0FullCallback
                0x0800244e       0x12 ./Drivers/STM32F1xx_HAL_Driver/Src/stm32f1xx_hal_can.o
                0x0800244e                HAL_CAN_RxFifo0FullCallback
 .text.HAL_CAN_RxFifo1MsgPendingCallback
                0x08002460       0x12 ./Drivers/STM32F1xx_HAL_Driver/Src/stm32f1xx_hal_can.o
                0x08002460                HAL_CAN_RxFifo1MsgPendingCallback
 .text.HAL_CAN_RxFifo1FullCallback
                0x08002472       0x12 ./Drivers/STM32F1xx_HAL_Driver/Src/stm32f1xx_hal_can.o
                0x08002472                HAL_CAN_RxFifo1FullCallback
 .text.HAL_CAN_SleepCallback
                0x08002484       0x12 ./Drivers/STM32F1xx_HAL_Driver/Src/stm32f1xx_hal_can.o
                0x08002484                HAL_CAN_SleepCallback
 .text.HAL_CAN_WakeUpFromRxMsgCallback
                0x08002496       0x12 ./Drivers/STM32F1xx_HAL_Driver/Src/stm32f1xx_hal_can.o
                0x08002496                HAL_CAN_WakeUpFromRxMsgCallback
 .text.HAL_CAN_ErrorCallback
                0x080024a8       0x12 ./Drivers/STM32F1xx_HAL_Driver/Src/stm32f1xx_hal_can.o
                0x080024a8                HAL_CAN_ErrorCallback
 *fill*         0x080024ba        0x2 
 .text.__NVIC_SetPriorityGrouping
                0x080024bc       0x48 ./Drivers/STM32F1xx_HAL_Driver/Src/stm32f1xx_hal_cortex.o
 .text.__NVIC_GetPriorityGrouping
                0x08002504       0x1c ./Drivers/STM32F1xx_HAL_Driver/Src/stm32f1xx_hal_cortex.o
 .text.__NVIC_EnableIRQ
                0x08002520       0x38 ./Drivers/STM32F1xx_HAL_Driver/Src/stm32f1xx_hal_cortex.o
 .text.__NVIC_SetPriority
                0x08002558       0x54 ./Drivers/STM32F1xx_HAL_Driver/Src/stm32f1xx_hal_cortex.o
 .text.NVIC_EncodePriority
                0x080025ac       0x64 ./Drivers/STM32F1xx_HAL_Driver/Src/stm32f1xx_hal_cortex.o
 .text.SysTick_Config
                0x08002610       0x44 ./Drivers/STM32F1xx_HAL_Driver/Src/stm32f1xx_hal_cortex.o
 .text.HAL_NVIC_SetPriorityGrouping
                0x08002654       0x16 ./Drivers/STM32F1xx_HAL_Driver/Src/stm32f1xx_hal_cortex.o
                0x08002654                HAL_NVIC_SetPriorityGrouping
 .text.HAL_NVIC_SetPriority
                0x0800266a       0x38 ./Drivers/STM32F1xx_HAL_Driver/Src/stm32f1xx_hal_cortex.o
                0x0800266a                HAL_NVIC_SetPriority
 .text.HAL_NVIC_EnableIRQ
                0x080026a2       0x1c ./Drivers/STM32F1xx_HAL_Driver/Src/stm32f1xx_hal_cortex.o
                0x080026a2                HAL_NVIC_EnableIRQ
 .text.HAL_SYSTICK_Config
                0x080026be       0x18 ./Drivers/STM32F1xx_HAL_Driver/Src/stm32f1xx_hal_cortex.o
                0x080026be                HAL_SYSTICK_Config
 *fill*         0x080026d6        0x2 
 .text.HAL_GPIO_Init
                0x080026d8      0x308 ./Drivers/STM32F1xx_HAL_Driver/Src/stm32f1xx_hal_gpio.o
                0x080026d8                HAL_GPIO_Init
 .text.HAL_GPIO_ReadPin
                0x080029e0       0x2e ./Drivers/STM32F1xx_HAL_Driver/Src/stm32f1xx_hal_gpio.o
                0x080029e0                HAL_GPIO_ReadPin
 .text.HAL_GPIO_WritePin
                0x08002a0e       0x30 ./Drivers/STM32F1xx_HAL_Driver/Src/stm32f1xx_hal_gpio.o
                0x08002a0e                HAL_GPIO_WritePin
 *fill*         0x08002a3e        0x2 
 .text.HAL_I2C_Init
                0x08002a40      0x288 ./Drivers/STM32F1xx_HAL_Driver/Src/stm32f1xx_hal_i2c.o
                0x08002a40                HAL_I2C_Init
 .text.HAL_I2C_Master_Transmit
                0x08002cc8      0x1fc ./Drivers/STM32F1xx_HAL_Driver/Src/stm32f1xx_hal_i2c.o
                0x08002cc8                HAL_I2C_Master_Transmit
 .text.HAL_I2C_Master_Receive
                0x08002ec4      0x4d8 ./Drivers/STM32F1xx_HAL_Driver/Src/stm32f1xx_hal_i2c.o
                0x08002ec4                HAL_I2C_Master_Receive
 .text.I2C_MasterRequestWrite
                0x0800339c      0x104 ./Drivers/STM32F1xx_HAL_Driver/Src/stm32f1xx_hal_i2c.o
 .text.I2C_MasterRequestRead
                0x080034a0      0x19c ./Drivers/STM32F1xx_HAL_Driver/Src/stm32f1xx_hal_i2c.o
 .text.I2C_WaitOnFlagUntilTimeout
                0x0800363c       0xf4 ./Drivers/STM32F1xx_HAL_Driver/Src/stm32f1xx_hal_i2c.o
 .text.I2C_WaitOnMasterAddressFlagUntilTimeout
                0x08003730      0x140 ./Drivers/STM32F1xx_HAL_Driver/Src/stm32f1xx_hal_i2c.o
 .text.I2C_WaitOnTXEFlagUntilTimeout
                0x08003870       0x90 ./Drivers/STM32F1xx_HAL_Driver/Src/stm32f1xx_hal_i2c.o
 .text.I2C_WaitOnBTFFlagUntilTimeout
                0x08003900       0x90 ./Drivers/STM32F1xx_HAL_Driver/Src/stm32f1xx_hal_i2c.o
 .text.I2C_WaitOnRXNEFlagUntilTimeout
                0x08003990       0xba ./Drivers/STM32F1xx_HAL_Driver/Src/stm32f1xx_hal_i2c.o
 .text.I2C_IsAcknowledgeFailed
                0x08003a4a       0x5c ./Drivers/STM32F1xx_HAL_Driver/Src/stm32f1xx_hal_i2c.o
 *fill*         0x08003aa6        0x2 
 .text.HAL_RCC_OscConfig
                0x08003aa8      0x504 ./Drivers/STM32F1xx_HAL_Driver/Src/stm32f1xx_hal_rcc.o
                0x08003aa8                HAL_RCC_OscConfig
 .text.HAL_RCC_ClockConfig
                0x08003fac      0x1d4 ./Drivers/STM32F1xx_HAL_Driver/Src/stm32f1xx_hal_rcc.o
                0x08003fac                HAL_RCC_ClockConfig
 .text.HAL_RCC_GetSysClockFreq
                0x08004180       0xa8 ./Drivers/STM32F1xx_HAL_Driver/Src/stm32f1xx_hal_rcc.o
                0x08004180                HAL_RCC_GetSysClockFreq
 .text.HAL_RCC_GetHCLKFreq
                0x08004228       0x14 ./Drivers/STM32F1xx_HAL_Driver/Src/stm32f1xx_hal_rcc.o
                0x08004228                HAL_RCC_GetHCLKFreq
 .text.HAL_RCC_GetPCLK1Freq
                0x0800423c       0x28 ./Drivers/STM32F1xx_HAL_Driver/Src/stm32f1xx_hal_rcc.o
                0x0800423c                HAL_RCC_GetPCLK1Freq
 .text.RCC_Delay
                0x08004264       0x3c ./Drivers/STM32F1xx_HAL_Driver/Src/stm32f1xx_hal_rcc.o
 .text.HAL_TIM_PWM_Init
                0x080042a0       0x9e ./Drivers/STM32F1xx_HAL_Driver/Src/stm32f1xx_hal_tim.o
                0x080042a0                HAL_TIM_PWM_Init
 *fill*         0x0800433e        0x2 
 .text.HAL_TIM_PWM_Start
                0x08004340      0x144 ./Drivers/STM32F1xx_HAL_Driver/Src/stm32f1xx_hal_tim.o
                0x08004340                HAL_TIM_PWM_Start
 .text.HAL_TIM_PWM_ConfigChannel
                0x08004484      0x184 ./Drivers/STM32F1xx_HAL_Driver/Src/stm32f1xx_hal_tim.o
                0x08004484                HAL_TIM_PWM_ConfigChannel
 .text.TIM_Base_SetConfig
                0x08004608       0xdc ./Drivers/STM32F1xx_HAL_Driver/Src/stm32f1xx_hal_tim.o
                0x08004608                TIM_Base_SetConfig
 .text.TIM_OC1_SetConfig
                0x080046e4       0xcc ./Drivers/STM32F1xx_HAL_Driver/Src/stm32f1xx_hal_tim.o
 .text.TIM_OC2_SetConfig
                0x080047b0       0xd4 ./Drivers/STM32F1xx_HAL_Driver/Src/stm32f1xx_hal_tim.o
                0x080047b0                TIM_OC2_SetConfig
 .text.TIM_OC3_SetConfig
                0x08004884       0xd4 ./Drivers/STM32F1xx_HAL_Driver/Src/stm32f1xx_hal_tim.o
 .text.TIM_OC4_SetConfig
                0x08004958       0x9c ./Drivers/STM32F1xx_HAL_Driver/Src/stm32f1xx_hal_tim.o
 .text.TIM_CCxChannelCmd
                0x080049f4       0x48 ./Drivers/STM32F1xx_HAL_Driver/Src/stm32f1xx_hal_tim.o
                0x080049f4                TIM_CCxChannelCmd
 .text.HAL_TIMEx_MasterConfigSynchronization
                0x08004a3c       0xbc ./Drivers/STM32F1xx_HAL_Driver/Src/stm32f1xx_hal_tim_ex.o
                0x08004a3c                HAL_TIMEx_MasterConfigSynchronization
 .text.VL53L0X_GetDeviceInfo
                0x08004af8       0x26 ./Drivers/VL53L0X/core/src/vl53l0x_api.o
                0x08004af8                VL53L0X_GetDeviceInfo
 .text.VL53L0X_GetOffsetCalibrationDataMicroMeter
                0x08004b1e       0x26 ./Drivers/VL53L0X/core/src/vl53l0x_api.o
                0x08004b1e                VL53L0X_GetOffsetCalibrationDataMicroMeter
 .text.VL53L0X_SetDeviceAddress
                0x08004b44       0x30 ./Drivers/VL53L0X/core/src/vl53l0x_api.o
                0x08004b44                VL53L0X_SetDeviceAddress
 .text.VL53L0X_DataInit
                0x08004b74      0x2c8 ./Drivers/VL53L0X/core/src/vl53l0x_api.o
                0x08004b74                VL53L0X_DataInit
 .text.VL53L0X_StaticInit
                0x08004e3c      0x300 ./Drivers/VL53L0X/core/src/vl53l0x_api.o
                0x08004e3c                VL53L0X_StaticInit
 .text.VL53L0X_GetDeviceParameters
                0x0800513c      0x120 ./Drivers/VL53L0X/core/src/vl53l0x_api.o
                0x0800513c                VL53L0X_GetDeviceParameters
 .text.VL53L0X_SetDeviceMode
                0x0800525c       0x58 ./Drivers/VL53L0X/core/src/vl53l0x_api.o
                0x0800525c                VL53L0X_SetDeviceMode
 .text.VL53L0X_GetDeviceMode
                0x080052b4       0x24 ./Drivers/VL53L0X/core/src/vl53l0x_api.o
                0x080052b4                VL53L0X_GetDeviceMode
 .text.VL53L0X_GetFractionEnable
                0x080052d8       0x3e ./Drivers/VL53L0X/core/src/vl53l0x_api.o
                0x080052d8                VL53L0X_GetFractionEnable
 .text.VL53L0X_SetMeasurementTimingBudgetMicroSeconds
                0x08005316       0x26 ./Drivers/VL53L0X/core/src/vl53l0x_api.o
                0x08005316                VL53L0X_SetMeasurementTimingBudgetMicroSeconds
 .text.VL53L0X_GetMeasurementTimingBudgetMicroSeconds
                0x0800533c       0x26 ./Drivers/VL53L0X/core/src/vl53l0x_api.o
                0x0800533c                VL53L0X_GetMeasurementTimingBudgetMicroSeconds
 .text.VL53L0X_GetVcselPulsePeriod
                0x08005362       0x2e ./Drivers/VL53L0X/core/src/vl53l0x_api.o
                0x08005362                VL53L0X_GetVcselPulsePeriod
 .text.VL53L0X_SetSequenceStepEnable
                0x08005390      0x140 ./Drivers/VL53L0X/core/src/vl53l0x_api.o
                0x08005390                VL53L0X_SetSequenceStepEnable
 .text.sequence_step_enabled
                0x080054d0       0xa4 ./Drivers/VL53L0X/core/src/vl53l0x_api.o
                0x080054d0                sequence_step_enabled
 .text.VL53L0X_GetSequenceStepEnables
                0x08005574       0xb0 ./Drivers/VL53L0X/core/src/vl53l0x_api.o
                0x08005574                VL53L0X_GetSequenceStepEnables
 .text.VL53L0X_GetInterMeasurementPeriodMilliSeconds
                0x08005624       0x68 ./Drivers/VL53L0X/core/src/vl53l0x_api.o
                0x08005624                VL53L0X_GetInterMeasurementPeriodMilliSeconds
 .text.VL53L0X_GetXTalkCompensationEnable
                0x0800568c       0x28 ./Drivers/VL53L0X/core/src/vl53l0x_api.o
                0x0800568c                VL53L0X_GetXTalkCompensationEnable
 .text.VL53L0X_GetXTalkCompensationRateMegaCps
                0x080056b4       0x66 ./Drivers/VL53L0X/core/src/vl53l0x_api.o
                0x080056b4                VL53L0X_GetXTalkCompensationRateMegaCps
 *fill*         0x0800571a        0x2 
 .text.VL53L0X_SetLimitCheckEnable
                0x0800571c      0x118 ./Drivers/VL53L0X/core/src/vl53l0x_api.o
                0x0800571c                VL53L0X_SetLimitCheckEnable
 .text.VL53L0X_GetLimitCheckEnable
                0x08005834       0x44 ./Drivers/VL53L0X/core/src/vl53l0x_api.o
                0x08005834                VL53L0X_GetLimitCheckEnable
 .text.VL53L0X_SetLimitCheckValue
                0x08005878       0xc4 ./Drivers/VL53L0X/core/src/vl53l0x_api.o
                0x08005878                VL53L0X_SetLimitCheckValue
 .text.VL53L0X_GetLimitCheckValue
                0x0800593c      0x11c ./Drivers/VL53L0X/core/src/vl53l0x_api.o
                0x0800593c                VL53L0X_GetLimitCheckValue
 .text.VL53L0X_GetWrapAroundCheckEnable
                0x08005a58       0x64 ./Drivers/VL53L0X/core/src/vl53l0x_api.o
                0x08005a58                VL53L0X_GetWrapAroundCheckEnable
 .text.VL53L0X_PerformSingleMeasurement
                0x08005abc       0x68 ./Drivers/VL53L0X/core/src/vl53l0x_api.o
                0x08005abc                VL53L0X_PerformSingleMeasurement
 .text.VL53L0X_PerformRefCalibration
                0x08005b24       0x2c ./Drivers/VL53L0X/core/src/vl53l0x_api.o
                0x08005b24                VL53L0X_PerformRefCalibration
 .text.VL53L0X_CheckAndLoadInterruptSettings
                0x08005b50       0xcc ./Drivers/VL53L0X/core/src/vl53l0x_api.o
                0x08005b50                VL53L0X_CheckAndLoadInterruptSettings
 .text.VL53L0X_StartMeasurement
                0x08005c1c      0x184 ./Drivers/VL53L0X/core/src/vl53l0x_api.o
                0x08005c1c                VL53L0X_StartMeasurement
 .text.VL53L0X_GetMeasurementDataReady
                0x08005da0       0x80 ./Drivers/VL53L0X/core/src/vl53l0x_api.o
                0x08005da0                VL53L0X_GetMeasurementDataReady
 .text.VL53L0X_GetRangingMeasurementData
                0x08005e20      0x238 ./Drivers/VL53L0X/core/src/vl53l0x_api.o
                0x08005e20                VL53L0X_GetRangingMeasurementData
 .text.VL53L0X_PerformSingleRangingMeasurement
                0x08006058       0x60 ./Drivers/VL53L0X/core/src/vl53l0x_api.o
                0x08006058                VL53L0X_PerformSingleRangingMeasurement
 .text.VL53L0X_SetGpioConfig
                0x080060b8      0x244 ./Drivers/VL53L0X/core/src/vl53l0x_api.o
                0x080060b8                VL53L0X_SetGpioConfig
 .text.VL53L0X_GetInterruptThresholds
                0x080062fc       0x68 ./Drivers/VL53L0X/core/src/vl53l0x_api.o
                0x080062fc                VL53L0X_GetInterruptThresholds
 .text.VL53L0X_ClearInterruptMask
                0x08006364       0x80 ./Drivers/VL53L0X/core/src/vl53l0x_api.o
                0x08006364                VL53L0X_ClearInterruptMask
 .text.VL53L0X_GetInterruptMaskStatus
                0x080063e4       0x44 ./Drivers/VL53L0X/core/src/vl53l0x_api.o
                0x080063e4                VL53L0X_GetInterruptMaskStatus
 .text.VL53L0X_PerformRefSpadManagement
                0x08006428       0x2a ./Drivers/VL53L0X/core/src/vl53l0x_api.o
                0x08006428                VL53L0X_PerformRefSpadManagement
 .text.VL53L0X_get_offset_calibration_data_micro_meter
                0x08006452       0x7e ./Drivers/VL53L0X/core/src/vl53l0x_api_calibration.o
                0x08006452                VL53L0X_get_offset_calibration_data_micro_meter
 .text.get_next_good_spad
                0x080064d0       0xba ./Drivers/VL53L0X/core/src/vl53l0x_api_calibration.o
                0x080064d0                get_next_good_spad
 *fill*         0x0800658a        0x2 
 .text.is_aperture
                0x0800658c       0x34 ./Drivers/VL53L0X/core/src/vl53l0x_api_calibration.o
                0x0800658c                is_aperture
 .text.enable_spad_bit
                0x080065c0       0x6e ./Drivers/VL53L0X/core/src/vl53l0x_api_calibration.o
                0x080065c0                enable_spad_bit
 .text.set_ref_spad_map
                0x0800662e       0x26 ./Drivers/VL53L0X/core/src/vl53l0x_api_calibration.o
                0x0800662e                set_ref_spad_map
 .text.get_ref_spad_map
                0x08006654       0x26 ./Drivers/VL53L0X/core/src/vl53l0x_api_calibration.o
                0x08006654                get_ref_spad_map
 .text.enable_ref_spads
                0x0800667a       0xf8 ./Drivers/VL53L0X/core/src/vl53l0x_api_calibration.o
                0x0800667a                enable_ref_spads
 .text.perform_ref_signal_measurement
                0x08006772       0xd4 ./Drivers/VL53L0X/core/src/vl53l0x_api_calibration.o
                0x08006772                perform_ref_signal_measurement
 .text.VL53L0X_perform_ref_spad_management
                0x08006846      0x418 ./Drivers/VL53L0X/core/src/vl53l0x_api_calibration.o
                0x08006846                VL53L0X_perform_ref_spad_management
 .text.VL53L0X_set_reference_spads
                0x08006c5e      0x14a ./Drivers/VL53L0X/core/src/vl53l0x_api_calibration.o
                0x08006c5e                VL53L0X_set_reference_spads
 .text.VL53L0X_perform_single_ref_calibration
                0x08006da8       0x76 ./Drivers/VL53L0X/core/src/vl53l0x_api_calibration.o
                0x08006da8                VL53L0X_perform_single_ref_calibration
 .text.VL53L0X_ref_calibration_io
                0x08006e1e      0x132 ./Drivers/VL53L0X/core/src/vl53l0x_api_calibration.o
                0x08006e1e                VL53L0X_ref_calibration_io
 .text.VL53L0X_perform_vhv_calibration
                0x08006f50       0xce ./Drivers/VL53L0X/core/src/vl53l0x_api_calibration.o
                0x08006f50                VL53L0X_perform_vhv_calibration
 .text.VL53L0X_perform_phase_calibration
                0x0800701e       0xca ./Drivers/VL53L0X/core/src/vl53l0x_api_calibration.o
                0x0800701e                VL53L0X_perform_phase_calibration
 .text.VL53L0X_perform_ref_calibration
                0x080070e8       0x7a ./Drivers/VL53L0X/core/src/vl53l0x_api_calibration.o
                0x080070e8                VL53L0X_perform_ref_calibration
 .text.VL53L0X_measurement_poll_for_completion
                0x08007162       0x60 ./Drivers/VL53L0X/core/src/vl53l0x_api_core.o
                0x08007162                VL53L0X_measurement_poll_for_completion
 .text.VL53L0X_decode_vcsel_period
                0x080071c2       0x24 ./Drivers/VL53L0X/core/src/vl53l0x_api_core.o
                0x080071c2                VL53L0X_decode_vcsel_period
 .text.VL53L0X_isqrt
                0x080071e6       0x66 ./Drivers/VL53L0X/core/src/vl53l0x_api_core.o
                0x080071e6                VL53L0X_isqrt
 .text.VL53L0X_device_read_strobe
                0x0800724c       0x86 ./Drivers/VL53L0X/core/src/vl53l0x_api_core.o
                0x0800724c                VL53L0X_device_read_strobe
 .text.VL53L0X_get_info_from_device
                0x080072d2      0x99a ./Drivers/VL53L0X/core/src/vl53l0x_api_core.o
                0x080072d2                VL53L0X_get_info_from_device
 .text.VL53L0X_calc_macro_period_ps
                0x08007c6c       0x3a ./Drivers/VL53L0X/core/src/vl53l0x_api_core.o
                0x08007c6c                VL53L0X_calc_macro_period_ps
 .text.VL53L0X_encode_timeout
                0x08007ca6       0x52 ./Drivers/VL53L0X/core/src/vl53l0x_api_core.o
                0x08007ca6                VL53L0X_encode_timeout
 .text.VL53L0X_decode_timeout
                0x08007cf8       0x2a ./Drivers/VL53L0X/core/src/vl53l0x_api_core.o
                0x08007cf8                VL53L0X_decode_timeout
 *fill*         0x08007d22        0x2 
 .text.VL53L0X_calc_timeout_mclks
                0x08007d24       0x54 ./Drivers/VL53L0X/core/src/vl53l0x_api_core.o
                0x08007d24                VL53L0X_calc_timeout_mclks
 .text.VL53L0X_calc_timeout_us
                0x08007d78       0x54 ./Drivers/VL53L0X/core/src/vl53l0x_api_core.o
                0x08007d78                VL53L0X_calc_timeout_us
 .text.get_sequence_step_timeout
                0x08007dcc      0x1c0 ./Drivers/VL53L0X/core/src/vl53l0x_api_core.o
                0x08007dcc                get_sequence_step_timeout
 .text.set_sequence_step_timeout
                0x08007f8c      0x1e4 ./Drivers/VL53L0X/core/src/vl53l0x_api_core.o
                0x08007f8c                set_sequence_step_timeout
 .text.VL53L0X_get_vcsel_pulse_period
                0x08008170       0x6e ./Drivers/VL53L0X/core/src/vl53l0x_api_core.o
                0x08008170                VL53L0X_get_vcsel_pulse_period
 .text.VL53L0X_set_measurement_timing_budget_micro_seconds
                0x080081de      0x1c0 ./Drivers/VL53L0X/core/src/vl53l0x_api_core.o
                0x080081de                VL53L0X_set_measurement_timing_budget_micro_seconds
 .text.VL53L0X_get_measurement_timing_budget_micro_seconds
                0x0800839e      0x162 ./Drivers/VL53L0X/core/src/vl53l0x_api_core.o
                0x0800839e                VL53L0X_get_measurement_timing_budget_micro_seconds
 .text.VL53L0X_load_tuning_settings
                0x08008500      0x1c4 ./Drivers/VL53L0X/core/src/vl53l0x_api_core.o
                0x08008500                VL53L0X_load_tuning_settings
 .text.VL53L0X_get_total_xtalk_rate
                0x080086c4       0x5e ./Drivers/VL53L0X/core/src/vl53l0x_api_core.o
                0x080086c4                VL53L0X_get_total_xtalk_rate
 .text.VL53L0X_get_total_signal_rate
                0x08008722       0x4a ./Drivers/VL53L0X/core/src/vl53l0x_api_core.o
                0x08008722                VL53L0X_get_total_signal_rate
 .text.VL53L0X_calc_dmax
                0x0800876c      0x238 ./Drivers/VL53L0X/core/src/vl53l0x_api_core.o
                0x0800876c                VL53L0X_calc_dmax
 .text.VL53L0X_calc_sigma_estimate
                0x080089a4      0x498 ./Drivers/VL53L0X/core/src/vl53l0x_api_core.o
                0x080089a4                VL53L0X_calc_sigma_estimate
 .text.VL53L0X_get_pal_range_status
                0x08008e3c      0x3b6 ./Drivers/VL53L0X/core/src/vl53l0x_api_core.o
                0x08008e3c                VL53L0X_get_pal_range_status
 .text.VL53L0X_check_part_used
                0x080091f2       0x6a ./Drivers/VL53L0X/core/src/vl53l0x_api_strings.o
                0x080091f2                VL53L0X_check_part_used
 .text.VL53L0X_get_device_info
                0x0800925c      0x108 ./Drivers/VL53L0X/core/src/vl53l0x_api_strings.o
                0x0800925c                VL53L0X_get_device_info
 .text._I2CWrite
                0x08009364       0x3e ./Drivers/VL53L0X/platform/src/vl53l0x_platform.o
                0x08009364                _I2CWrite
 .text._I2CRead
                0x080093a2       0x44 ./Drivers/VL53L0X/platform/src/vl53l0x_platform.o
                0x080093a2                _I2CRead
 *fill*         0x080093e6        0x2 
 .text.VL53L0X_WriteMulti
                0x080093e8       0x60 ./Drivers/VL53L0X/platform/src/vl53l0x_platform.o
                0x080093e8                VL53L0X_WriteMulti
 .text.VL53L0X_ReadMulti
                0x08009448       0x56 ./Drivers/VL53L0X/platform/src/vl53l0x_platform.o
                0x08009448                VL53L0X_ReadMulti
 *fill*         0x0800949e        0x2 
 .text.VL53L0X_WrByte
                0x080094a0       0x48 ./Drivers/VL53L0X/platform/src/vl53l0x_platform.o
                0x080094a0                VL53L0X_WrByte
 .text.VL53L0X_WrWord
                0x080094e8       0x54 ./Drivers/VL53L0X/platform/src/vl53l0x_platform.o
                0x080094e8                VL53L0X_WrWord
 .text.VL53L0X_UpdateByte
                0x0800953c       0x68 ./Drivers/VL53L0X/platform/src/vl53l0x_platform.o
                0x0800953c                VL53L0X_UpdateByte
 .text.VL53L0X_RdByte
                0x080095a4       0x54 ./Drivers/VL53L0X/platform/src/vl53l0x_platform.o
                0x080095a4                VL53L0X_RdByte
 .text.VL53L0X_RdWord
                0x080095f8       0x6c ./Drivers/VL53L0X/platform/src/vl53l0x_platform.o
                0x080095f8                VL53L0X_RdWord
 .text.VL53L0X_RdDWord
                0x08009664       0x78 ./Drivers/VL53L0X/platform/src/vl53l0x_platform.o
                0x08009664                VL53L0X_RdDWord
 .text.VL53L0X_PollingDelay
                0x080096dc       0x1e ./Drivers/VL53L0X/platform/src/vl53l0x_platform.o
                0x080096dc                VL53L0X_PollingDelay
 .text.memset   0x080096fa       0x10 C:/ST/STM32CubeIDE_1.19.0/STM32CubeIDE/plugins/com.st.stm32cube.ide.mcu.externaltools.gnu-tools-for-stm32.13.3.rel1.win32_1.0.0.202411081344/tools/bin/../lib/gcc/arm-none-eabi/13.3.1/../../../../arm-none-eabi/lib/thumb/v7-m/nofp\libc_nano.a(libc_a-memset.o)
                0x080096fa                memset
 *fill*         0x0800970a        0x2 
 .text.__libc_init_array
                0x0800970c       0x48 C:/ST/STM32CubeIDE_1.19.0/STM32CubeIDE/plugins/com.st.stm32cube.ide.mcu.externaltools.gnu-tools-for-stm32.13.3.rel1.win32_1.0.0.202411081344/tools/bin/../lib/gcc/arm-none-eabi/13.3.1/../../../../arm-none-eabi/lib/thumb/v7-m/nofp\libc_nano.a(libc_a-init.o)
                0x0800970c                __libc_init_array
 .text.strcpy   0x08009754       0x10 C:/ST/STM32CubeIDE_1.19.0/STM32CubeIDE/plugins/com.st.stm32cube.ide.mcu.externaltools.gnu-tools-for-stm32.13.3.rel1.win32_1.0.0.202411081344/tools/bin/../lib/gcc/arm-none-eabi/13.3.1/../../../../arm-none-eabi/lib/thumb/v7-m/nofp\libc_nano.a(libc_a-strcpy.o)
                0x08009754                strcpy
 .text.memcpy   0x08009764       0x1c C:/ST/STM32CubeIDE_1.19.0/STM32CubeIDE/plugins/com.st.stm32cube.ide.mcu.externaltools.gnu-tools-for-stm32.13.3.rel1.win32_1.0.0.202411081344/tools/bin/../lib/gcc/arm-none-eabi/13.3.1/../../../../arm-none-eabi/lib/thumb/v7-m/nofp\libc_nano.a(libc_a-memcpy-stub.o)
                0x08009764                memcpy
 *(.glue_7)
 .glue_7        0x08009780        0x0 linker stubs
 *(.glue_7t)
 .glue_7t       0x08009780        0x0 linker stubs
 *(.eh_frame)
 .eh_frame      0x08009780        0x0 C:/ST/STM32CubeIDE_1.19.0/STM32CubeIDE/plugins/com.st.stm32cube.ide.mcu.externaltools.gnu-tools-for-stm32.13.3.rel1.win32_1.0.0.202411081344/tools/bin/../lib/gcc/arm-none-eabi/13.3.1/thumb/v7-m/nofp/crtbegin.o
 *(.init)
 .init          0x08009780        0x4 C:/ST/STM32CubeIDE_1.19.0/STM32CubeIDE/plugins/com.st.stm32cube.ide.mcu.externaltools.gnu-tools-for-stm32.13.3.rel1.win32_1.0.0.202411081344/tools/bin/../lib/gcc/arm-none-eabi/13.3.1/thumb/v7-m/nofp/crti.o
                0x08009780                _init
 .init          0x08009784        0x8 C:/ST/STM32CubeIDE_1.19.0/STM32CubeIDE/plugins/com.st.stm32cube.ide.mcu.externaltools.gnu-tools-for-stm32.13.3.rel1.win32_1.0.0.202411081344/tools/bin/../lib/gcc/arm-none-eabi/13.3.1/thumb/v7-m/nofp/crtn.o
 *(.fini)
 .fini          0x0800978c        0x4 C:/ST/STM32CubeIDE_1.19.0/STM32CubeIDE/plugins/com.st.stm32cube.ide.mcu.externaltools.gnu-tools-for-stm32.13.3.rel1.win32_1.0.0.202411081344/tools/bin/../lib/gcc/arm-none-eabi/13.3.1/thumb/v7-m/nofp/crti.o
                0x0800978c                _fini
 .fini          0x08009790        0x8 C:/ST/STM32CubeIDE_1.19.0/STM32CubeIDE/plugins/com.st.stm32cube.ide.mcu.externaltools.gnu-tools-for-stm32.13.3.rel1.win32_1.0.0.202411081344/tools/bin/../lib/gcc/arm-none-eabi/13.3.1/thumb/v7-m/nofp/crtn.o
                0x08009798                        . = ALIGN (0x4)
                0x08009798                        _etext = .

.vfp11_veneer   0x08009798        0x0
 .vfp11_veneer  0x08009798        0x0 linker stubs

.v4_bx          0x08009798        0x0
 .v4_bx         0x08009798        0x0 linker stubs

.iplt           0x08009798        0x0
 .iplt          0x08009798        0x0 C:/ST/STM32CubeIDE_1.19.0/STM32CubeIDE/plugins/com.st.stm32cube.ide.mcu.externaltools.gnu-tools-for-stm32.13.3.rel1.win32_1.0.0.202411081344/tools/bin/../lib/gcc/arm-none-eabi/13.3.1/thumb/v7-m/nofp/crtbegin.o

.rodata         0x08009798      0x4d0
                0x08009798                        . = ALIGN (0x4)
 *(.rodata)
 .rodata        0x08009798      0x4a2 ./Drivers/VL53L0X/core/src/vl53l0x_api_strings.o
 *(.rodata*)
 *fill*         0x08009c3a        0x2 
 .rodata.AHBPrescTable
                0x08009c3c       0x10 ./Core/Src/system_stm32f1xx.o
                0x08009c3c                AHBPrescTable
 .rodata.APBPrescTable
                0x08009c4c        0x8 ./Core/Src/system_stm32f1xx.o
                0x08009c4c                APBPrescTable
 .rodata.aPLLMULFactorTable.1
                0x08009c54       0x10 ./Drivers/STM32F1xx_HAL_Driver/Src/stm32f1xx_hal_rcc.o
 .rodata.aPredivFactorTable.0
                0x08009c64        0x2 ./Drivers/STM32F1xx_HAL_Driver/Src/stm32f1xx_hal_rcc.o
                0x08009c68                        . = ALIGN (0x4)
 *fill*         0x08009c66        0x2 

.ARM.extab      0x08009c68        0x0
                0x08009c68                        . = ALIGN (0x4)
 *(.ARM.extab* .gnu.linkonce.armextab.*)
                0x08009c68                        . = ALIGN (0x4)

.ARM            0x08009c68        0x0
                0x08009c68                        . = ALIGN (0x4)
                0x08009c68                        __exidx_start = .
 *(.ARM.exidx*)
                0x08009c68                        __exidx_end = .
                0x08009c68                        . = ALIGN (0x4)

.preinit_array  0x08009c68        0x0
                0x08009c68                        . = ALIGN (0x4)
                0x08009c68                        PROVIDE (__preinit_array_start = .)
 *(.preinit_array*)
                0x08009c68                        PROVIDE (__preinit_array_end = .)
                0x08009c68                        . = ALIGN (0x4)

.init_array     0x08009c68        0x4
                0x08009c68                        . = ALIGN (0x4)
                0x08009c68                        PROVIDE (__init_array_start = .)
 *(SORT_BY_NAME(.init_array.*))
 *(.init_array*)
 .init_array    0x08009c68        0x4 C:/ST/STM32CubeIDE_1.19.0/STM32CubeIDE/plugins/com.st.stm32cube.ide.mcu.externaltools.gnu-tools-for-stm32.13.3.rel1.win32_1.0.0.202411081344/tools/bin/../lib/gcc/arm-none-eabi/13.3.1/thumb/v7-m/nofp/crtbegin.o
                0x08009c6c                        PROVIDE (__init_array_end = .)
                0x08009c6c                        . = ALIGN (0x4)

.fini_array     0x08009c6c        0x4
                0x08009c6c                        . = ALIGN (0x4)
                [!provide]                        PROVIDE (__fini_array_start = .)
 *(SORT_BY_NAME(.fini_array.*))
 *(.fini_array*)
 .fini_array    0x08009c6c        0x4 C:/ST/STM32CubeIDE_1.19.0/STM32CubeIDE/plugins/com.st.stm32cube.ide.mcu.externaltools.gnu-tools-for-stm32.13.3.rel1.win32_1.0.0.202411081344/tools/bin/../lib/gcc/arm-none-eabi/13.3.1/thumb/v7-m/nofp/crtbegin.o
                [!provide]                        PROVIDE (__fini_array_end = .)
                0x08009c70                        . = ALIGN (0x4)
                0x08009c70                        _sidata = LOADADDR (.data)

.rel.dyn        0x08009c70        0x0
 .rel.iplt      0x08009c70        0x0 C:/ST/STM32CubeIDE_1.19.0/STM32CubeIDE/plugins/com.st.stm32cube.ide.mcu.externaltools.gnu-tools-for-stm32.13.3.rel1.win32_1.0.0.202411081344/tools/bin/../lib/gcc/arm-none-eabi/13.3.1/thumb/v7-m/nofp/crtbegin.o

.data           0x20000000      0x2d4 load address 0x08009c70
                0x20000000                        . = ALIGN (0x4)
                0x20000000                        _sdata = .
 *(.data)
 *(.data*)
 .data.frontDistCm
                0x20000000        0x4 ./Core/Src/main.o
 .data.rearDistCm
                0x20000004        0x4 ./Core/Src/main.o
 .data.highCmdMode
                0x20000008        0x1 ./Core/Src/main.o
 *fill*         0x20000009        0x3 
 .data.SystemCoreClock
                0x2000000c        0x4 ./Core/Src/system_stm32f1xx.o
                0x2000000c                SystemCoreClock
 .data.uwTickPrio
                0x20000010        0x4 ./Drivers/STM32F1xx_HAL_Driver/Src/stm32f1xx_hal.o
                0x20000010                uwTickPrio
 .data.uwTickFreq
                0x20000014        0x1 ./Drivers/STM32F1xx_HAL_Driver/Src/stm32f1xx_hal.o
                0x20000014                uwTickFreq
 *fill*         0x20000015        0x3 
 .data.DefaultTuningSettings
                0x20000018       0xf3 ./Drivers/VL53L0X/core/src/vl53l0x_api.o
                0x20000018                DefaultTuningSettings
 *fill*         0x2000010b        0x1 
 .data.InterruptThresholdSettings
                0x2000010c      0x1b6 ./Drivers/VL53L0X/core/src/vl53l0x_api.o
                0x2000010c                InterruptThresholdSettings
 *fill*         0x200002c2        0x2 
 .data.refArrayQuadrants
                0x200002c4       0x10 ./Drivers/VL53L0X/core/src/vl53l0x_api_calibration.o
                0x200002c4                refArrayQuadrants
 *(.RamFunc)
 *(.RamFunc*)
                0x200002d4                        . = ALIGN (0x4)
                0x200002d4                        _edata = .

.igot.plt       0x200002d4        0x0 load address 0x08009f44
 .igot.plt      0x200002d4        0x0 C:/ST/STM32CubeIDE_1.19.0/STM32CubeIDE/plugins/com.st.stm32cube.ide.mcu.externaltools.gnu-tools-for-stm32.13.3.rel1.win32_1.0.0.202411081344/tools/bin/../lib/gcc/arm-none-eabi/13.3.1/thumb/v7-m/nofp/crtbegin.o
                0x200002d4                        . = ALIGN (0x4)

.bss            0x200002d4      0x49c load address 0x08009f44
                0x200002d4                        _sbss = .
                0x200002d4                        __bss_start__ = _sbss
 *(.bss)
 .bss           0x200002d4       0x1c C:/ST/STM32CubeIDE_1.19.0/STM32CubeIDE/plugins/com.st.stm32cube.ide.mcu.externaltools.gnu-tools-for-stm32.13.3.rel1.win32_1.0.0.202411081344/tools/bin/../lib/gcc/arm-none-eabi/13.3.1/thumb/v7-m/nofp/crtbegin.o
 *(.bss*)
 .bss.hcan      0x200002f0       0x28 ./Core/Src/main.o
                0x200002f0                hcan
 .bss.hi2c1     0x20000318       0x54 ./Core/Src/main.o
                0x20000318                hi2c1
 .bss.htim3     0x2000036c       0x48 ./Core/Src/main.o
                0x2000036c                htim3
 .bss.boxDetectStartTick
                0x200003b4        0x4 ./Core/Src/main.o
 .bss.isWaitingBox
                0x200003b8        0x1 ./Core/Src/main.o
 .bss.g_cmd_pending
                0x200003b9        0x1 ./Core/Src/main.o
 .bss.g_last_cmd
                0x200003ba        0x1 ./Core/Src/main.o
 *fill*         0x200003bb        0x1 
 .bss.g_rxh     0x200003bc       0x1c ./Core/Src/main.o
 .bss.g_rxData  0x200003d8        0x8 ./Core/Src/main.o
 .bss.g_tof_front
                0x200003e0      0x190 ./Core/Src/main.o
 .bss.g_tof_rear
                0x20000570      0x190 ./Core/Src/main.o
 .bss.frontTofOk
                0x20000700        0x1 ./Core/Src/main.o
 .bss.rearTofOk
                0x20000701        0x1 ./Core/Src/main.o
 .bss.mode      0x20000702        0x1 ./Core/Src/main.o
 .bss.state     0x20000703        0x1 ./Core/Src/main.o
 .bss.pushStopMode
                0x20000704        0x1 ./Core/Src/main.o
 *fill*         0x20000705        0x3 
 .bss.targetDeltaCm
                0x20000708        0x4 ./Core/Src/main.o
 .bss.currentCount
                0x2000070c        0x4 ./Core/Src/main.o
 .bss.boxesBeforeAction
                0x20000710        0x1 ./Core/Src/main.o
 .bss.errorFlag
                0x20000711        0x1 ./Core/Src/main.o
 *fill*         0x20000712        0x2 
 .bss.lastActionMs
                0x20000714        0x4 ./Core/Src/main.o
 .bss.lastLimitHitMs
                0x20000718        0x4 ./Core/Src/main.o
 .bss.moveFwdStartMs
                0x2000071c        0x4 ./Core/Src/main.o
 .bss.rearPushValid
                0x20000720        0x1 ./Core/Src/main.o
 *fill*         0x20000721        0x3 
 .bss.rearPushStartCm
                0x20000724        0x4 ./Core/Src/main.o
 .bss.lastSensorReadMs
                0x20000728        0x4 ./Core/Src/main.o
 .bss.uwTick    0x2000072c        0x4 ./Drivers/STM32F1xx_HAL_Driver/Src/stm32f1xx_hal.o
                0x2000072c                uwTick
 .bss._I2CBuffer
                0x20000730       0x40 ./Drivers/VL53L0X/platform/src/vl53l0x_platform.o
                0x20000730                _I2CBuffer
 *(COMMON)
                0x20000770                        . = ALIGN (0x4)
                0x20000770                        _ebss = .
                0x20000770                        __bss_end__ = _ebss

._user_heap_stack
                0x20000770      0x600 load address 0x08009f44
                0x20000770                        . = ALIGN (0x8)
                [!provide]                        PROVIDE (end = .)
                0x20000770                        PROVIDE (_end = .)
                0x20000970                        . = (. + _Min_Heap_Size)
 *fill*         0x20000770      0x200 
                0x20000d70                        . = (. + _Min_Stack_Size)
 *fill*         0x20000970      0x400 
                0x20000d70                        . = ALIGN (0x8)

/DISCARD/
 libc.a(*)
 libm.a(*)
 libgcc.a(*)

.ARM.attributes
                0x00000000       0x29
 *(.ARM.attributes)
 .ARM.attributes
                0x00000000       0x1d C:/ST/STM32CubeIDE_1.19.0/STM32CubeIDE/plugins/com.st.stm32cube.ide.mcu.externaltools.gnu-tools-for-stm32.13.3.rel1.win32_1.0.0.202411081344/tools/bin/../lib/gcc/arm-none-eabi/13.3.1/thumb/v7-m/nofp/crti.o
 .ARM.attributes
                0x0000001d       0x2d C:/ST/STM32CubeIDE_1.19.0/STM32CubeIDE/plugins/com.st.stm32cube.ide.mcu.externaltools.gnu-tools-for-stm32.13.3.rel1.win32_1.0.0.202411081344/tools/bin/../lib/gcc/arm-none-eabi/13.3.1/thumb/v7-m/nofp/crtbegin.o
 .ARM.attributes
                0x0000004a       0x2d ./Core/Src/main.o
 .ARM.attributes
                0x00000077       0x2d ./Core/Src/stm32f1xx_hal_msp.o
 .ARM.attributes
                0x000000a4       0x2d ./Core/Src/stm32f1xx_it.o
 .ARM.attributes
                0x000000d1       0x2d ./Core/Src/system_stm32f1xx.o
 .ARM.attributes
                0x000000fe       0x21 ./Core/Startup/startup_stm32f103c8tx.o
 .ARM.attributes
                0x0000011f       0x2d ./Drivers/STM32F1xx_HAL_Driver/Src/stm32f1xx_hal.o
 .ARM.attributes
                0x0000014c       0x2d ./Drivers/STM32F1xx_HAL_Driver/Src/stm32f1xx_hal_can.o
 .ARM.attributes
                0x00000179       0x2d ./Drivers/STM32F1xx_HAL_Driver/Src/stm32f1xx_hal_cortex.o
 .ARM.attributes
                0x000001a6       0x2d ./Drivers/STM32F1xx_HAL_Driver/Src/stm32f1xx_hal_gpio.o
 .ARM.attributes
                0x000001d3       0x2d ./Drivers/STM32F1xx_HAL_Driver/Src/stm32f1xx_hal_i2c.o
 .ARM.attributes
                0x00000200       0x2d ./Drivers/STM32F1xx_HAL_Driver/Src/stm32f1xx_hal_rcc.o
 .ARM.attributes
                0x0000022d       0x2d ./Drivers/STM32F1xx_HAL_Driver/Src/stm32f1xx_hal_tim.o
 .ARM.attributes
                0x0000025a       0x2d ./Drivers/STM32F1xx_HAL_Driver/Src/stm32f1xx_hal_tim_ex.o
 .ARM.attributes
                0x00000287       0x2d ./Drivers/VL53L0X/core/src/vl53l0x_api.o
 .ARM.attributes
                0x000002b4       0x2d ./Drivers/VL53L0X/core/src/vl53l0x_api_calibration.o
 .ARM.attributes
                0x000002e1       0x2d ./Drivers/VL53L0X/core/src/vl53l0x_api_core.o
 .ARM.attributes
                0x0000030e       0x2d ./Drivers/VL53L0X/core/src/vl53l0x_api_strings.o
 .ARM.attributes
                0x0000033b       0x2d ./Drivers/VL53L0X/platform/src/vl53l0x_platform.o
 .ARM.attributes
                0x00000368       0x2d C:/ST/STM32CubeIDE_1.19.0/STM32CubeIDE/plugins/com.st.stm32cube.ide.mcu.externaltools.gnu-tools-for-stm32.13.3.rel1.win32_1.0.0.202411081344/tools/bin/../lib/gcc/arm-none-eabi/13.3.1/../../../../arm-none-eabi/lib/thumb/v7-m/nofp\libc_nano.a(libc_a-memset.o)
 .ARM.attributes
                0x00000395       0x2d C:/ST/STM32CubeIDE_1.19.0/STM32CubeIDE/plugins/com.st.stm32cube.ide.mcu.externaltools.gnu-tools-for-stm32.13.3.rel1.win32_1.0.0.202411081344/tools/bin/../lib/gcc/arm-none-eabi/13.3.1/../../../../arm-none-eabi/lib/thumb/v7-m/nofp\libc_nano.a(libc_a-init.o)
 .ARM.attributes
                0x000003c2       0x2d C:/ST/STM32CubeIDE_1.19.0/STM32CubeIDE/plugins/com.st.stm32cube.ide.mcu.externaltools.gnu-tools-for-stm32.13.3.rel1.win32_1.0.0.202411081344/tools/bin/../lib/gcc/arm-none-eabi/13.3.1/../../../../arm-none-eabi/lib/thumb/v7-m/nofp\libc_nano.a(libc_a-strcpy.o)
 .ARM.attributes
                0x000003ef       0x2d C:/ST/STM32CubeIDE_1.19.0/STM32CubeIDE/plugins/com.st.stm32cube.ide.mcu.externaltools.gnu-tools-for-stm32.13.3.rel1.win32_1.0.0.202411081344/tools/bin/../lib/gcc/arm-none-eabi/13.3.1/../../../../arm-none-eabi/lib/thumb/v7-m/nofp\libc_nano.a(libc_a-memcpy-stub.o)
 .ARM.attributes
                0x0000041c       0x1d C:/ST/STM32CubeIDE_1.19.0/STM32CubeIDE/plugins/com.st.stm32cube.ide.mcu.externaltools.gnu-tools-for-stm32.13.3.rel1.win32_1.0.0.202411081344/tools/bin/../lib/gcc/arm-none-eabi/13.3.1/thumb/v7-m/nofp\libgcc.a(_arm_addsubsf3.o)
 .ARM.attributes
                0x00000439       0x1d C:/ST/STM32CubeIDE_1.19.0/STM32CubeIDE/plugins/com.st.stm32cube.ide.mcu.externaltools.gnu-tools-for-stm32.13.3.rel1.win32_1.0.0.202411081344/tools/bin/../lib/gcc/arm-none-eabi/13.3.1/thumb/v7-m/nofp\libgcc.a(_arm_muldivsf3.o)
 .ARM.attributes
                0x00000456       0x1d C:/ST/STM32CubeIDE_1.19.0/STM32CubeIDE/plugins/com.st.stm32cube.ide.mcu.externaltools.gnu-tools-for-stm32.13.3.rel1.win32_1.0.0.202411081344/tools/bin/../lib/gcc/arm-none-eabi/13.3.1/thumb/v7-m/nofp\libgcc.a(_arm_cmpsf2.o)
 .ARM.attributes
                0x00000473       0x1d C:/ST/STM32CubeIDE_1.19.0/STM32CubeIDE/plugins/com.st.stm32cube.ide.mcu.externaltools.gnu-tools-for-stm32.13.3.rel1.win32_1.0.0.202411081344/tools/bin/../lib/gcc/arm-none-eabi/13.3.1/thumb/v7-m/nofp/crtn.o
OUTPUT(STM32_loading.elf elf32-littlearm)
LOAD linker stubs
LOAD C:/ST/STM32CubeIDE_1.19.0/STM32CubeIDE/plugins/com.st.stm32cube.ide.mcu.externaltools.gnu-tools-for-stm32.13.3.rel1.win32_1.0.0.202411081344/tools/bin/../lib/gcc/arm-none-eabi/13.3.1/../../../../arm-none-eabi/lib/thumb/v7-m/nofp\libc.a
LOAD C:/ST/STM32CubeIDE_1.19.0/STM32CubeIDE/plugins/com.st.stm32cube.ide.mcu.externaltools.gnu-tools-for-stm32.13.3.rel1.win32_1.0.0.202411081344/tools/bin/../lib/gcc/arm-none-eabi/13.3.1/../../../../arm-none-eabi/lib/thumb/v7-m/nofp\libm.a
LOAD C:/ST/STM32CubeIDE_1.19.0/STM32CubeIDE/plugins/com.st.stm32cube.ide.mcu.externaltools.gnu-tools-for-stm32.13.3.rel1.win32_1.0.0.202411081344/tools/bin/../lib/gcc/arm-none-eabi/13.3.1/thumb/v7-m/nofp\libgcc.a

.debug_info     0x00000000    0x1635c
 .debug_info    0x00000000     0x23fc ./Core/Src/main.o
 .debug_info    0x000023fc     0x1211 ./Core/Src/stm32f1xx_hal_msp.o
 .debug_info    0x0000360d      0x501 ./Core/Src/stm32f1xx_it.o
 .debug_info    0x00003b0e      0x222 ./Core/Src/system_stm32f1xx.o
 .debug_info    0x00003d30       0x30 ./Core/Startup/startup_stm32f103c8tx.o
 .debug_info    0x00003d60      0x704 ./Drivers/STM32F1xx_HAL_Driver/Src/stm32f1xx_hal.o
 .debug_info    0x00004464      0xf13 ./Drivers/STM32F1xx_HAL_Driver/Src/stm32f1xx_hal_can.o
 .debug_info    0x00005377      0xa87 ./Drivers/STM32F1xx_HAL_Driver/Src/stm32f1xx_hal_cortex.o
 .debug_info    0x00005dfe      0x5ab ./Drivers/STM32F1xx_HAL_Driver/Src/stm32f1xx_hal_gpio.o
 .debug_info    0x000063a9     0x2524 ./Drivers/STM32F1xx_HAL_Driver/Src/stm32f1xx_hal_i2c.o
 .debug_info    0x000088cd      0x7d5 ./Drivers/STM32F1xx_HAL_Driver/Src/stm32f1xx_hal_rcc.o
 .debug_info    0x000090a2     0x2959 ./Drivers/STM32F1xx_HAL_Driver/Src/stm32f1xx_hal_tim.o
 .debug_info    0x0000b9fb     0x149b ./Drivers/STM32F1xx_HAL_Driver/Src/stm32f1xx_hal_tim_ex.o
 .debug_info    0x0000ce96     0x3506 ./Drivers/VL53L0X/core/src/vl53l0x_api.o
 .debug_info    0x0001039c     0x1cd3 ./Drivers/VL53L0X/core/src/vl53l0x_api_calibration.o
 .debug_info    0x0001206f     0x2189 ./Drivers/VL53L0X/core/src/vl53l0x_api_core.o
 .debug_info    0x000141f8      0xf8f ./Drivers/VL53L0X/core/src/vl53l0x_api_strings.o
 .debug_info    0x00015187     0x11d5 ./Drivers/VL53L0X/platform/src/vl53l0x_platform.o

.debug_abbrev   0x00000000     0x28a6
 .debug_abbrev  0x00000000      0x38e ./Core/Src/main.o
 .debug_abbrev  0x0000038e      0x271 ./Core/Src/stm32f1xx_hal_msp.o
 .debug_abbrev  0x000005ff      0x17c ./Core/Src/stm32f1xx_it.o
 .debug_abbrev  0x0000077b      0x13f ./Core/Src/system_stm32f1xx.o
 .debug_abbrev  0x000008ba       0x24 ./Core/Startup/startup_stm32f103c8tx.o
 .debug_abbrev  0x000008de      0x201 ./Drivers/STM32F1xx_HAL_Driver/Src/stm32f1xx_hal.o
 .debug_abbrev  0x00000adf      0x21c ./Drivers/STM32F1xx_HAL_Driver/Src/stm32f1xx_hal_can.o
 .debug_abbrev  0x00000cfb      0x2f8 ./Drivers/STM32F1xx_HAL_Driver/Src/stm32f1xx_hal_cortex.o
 .debug_abbrev  0x00000ff3      0x1ca ./Drivers/STM32F1xx_HAL_Driver/Src/stm32f1xx_hal_gpio.o
 .debug_abbrev  0x000011bd      0x2a3 ./Drivers/STM32F1xx_HAL_Driver/Src/stm32f1xx_hal_i2c.o
 .debug_abbrev  0x00001460      0x2b3 ./Drivers/STM32F1xx_HAL_Driver/Src/stm32f1xx_hal_rcc.o
 .debug_abbrev  0x00001713      0x277 ./Drivers/STM32F1xx_HAL_Driver/Src/stm32f1xx_hal_tim.o
 .debug_abbrev  0x0000198a      0x282 ./Drivers/STM32F1xx_HAL_Driver/Src/stm32f1xx_hal_tim_ex.o
 .debug_abbrev  0x00001c0c      0x2ae ./Drivers/VL53L0X/core/src/vl53l0x_api.o
 .debug_abbrev  0x00001eba      0x29f ./Drivers/VL53L0X/core/src/vl53l0x_api_calibration.o
 .debug_abbrev  0x00002159      0x2b7 ./Drivers/VL53L0X/core/src/vl53l0x_api_core.o
 .debug_abbrev  0x00002410      0x25d ./Drivers/VL53L0X/core/src/vl53l0x_api_strings.o
 .debug_abbrev  0x0000266d      0x239 ./Drivers/VL53L0X/platform/src/vl53l0x_platform.o

.debug_aranges  0x00000000     0x13d8
 .debug_aranges
                0x00000000      0x138 ./Core/Src/main.o
 .debug_aranges
                0x00000138       0x58 ./Core/Src/stm32f1xx_hal_msp.o
 .debug_aranges
                0x00000190       0x68 ./Core/Src/stm32f1xx_it.o
 .debug_aranges
                0x000001f8       0x28 ./Core/Src/system_stm32f1xx.o
 .debug_aranges
                0x00000220       0x28 ./Core/Startup/startup_stm32f103c8tx.o
 .debug_aranges
                0x00000248       0xe0 ./Drivers/STM32F1xx_HAL_Driver/Src/stm32f1xx_hal.o
 .debug_aranges
                0x00000328      0x138 ./Drivers/STM32F1xx_HAL_Driver/Src/stm32f1xx_hal_can.o
 .debug_aranges
                0x00000460      0x100 ./Drivers/STM32F1xx_HAL_Driver/Src/stm32f1xx_hal_cortex.o
 .debug_aranges
                0x00000560       0x58 ./Drivers/STM32F1xx_HAL_Driver/Src/stm32f1xx_hal_gpio.o
 .debug_aranges
                0x000005b8      0x2a8 ./Drivers/STM32F1xx_HAL_Driver/Src/stm32f1xx_hal_i2c.o
 .debug_aranges
                0x00000860       0x90 ./Drivers/STM32F1xx_HAL_Driver/Src/stm32f1xx_hal_rcc.o
 .debug_aranges
                0x000008f0      0x3d0 ./Drivers/STM32F1xx_HAL_Driver/Src/stm32f1xx_hal_tim.o
 .debug_aranges
                0x00000cc0      0x168 ./Drivers/STM32F1xx_HAL_Driver/Src/stm32f1xx_hal_tim_ex.o
 .debug_aranges
                0x00000e28      0x330 ./Drivers/VL53L0X/core/src/vl53l0x_api.o
 .debug_aranges
                0x00001158       0xd0 ./Drivers/VL53L0X/core/src/vl53l0x_api_calibration.o
 .debug_aranges
                0x00001228       0xe0 ./Drivers/VL53L0X/core/src/vl53l0x_api_core.o
 .debug_aranges
                0x00001308       0x58 ./Drivers/VL53L0X/core/src/vl53l0x_api_strings.o
 .debug_aranges
                0x00001360       0x78 ./Drivers/VL53L0X/platform/src/vl53l0x_platform.o

.debug_rnglists
                0x00000000      0xf7d
 .debug_rnglists
                0x00000000       0xf1 ./Core/Src/main.o
 .debug_rnglists
                0x000000f1       0x3e ./Core/Src/stm32f1xx_hal_msp.o
 .debug_rnglists
                0x0000012f       0x49 ./Core/Src/stm32f1xx_it.o
 .debug_rnglists
                0x00000178       0x1a ./Core/Src/system_stm32f1xx.o
 .debug_rnglists
                0x00000192       0x19 ./Core/Startup/startup_stm32f103c8tx.o
 .debug_rnglists
                0x000001ab       0xa3 ./Drivers/STM32F1xx_HAL_Driver/Src/stm32f1xx_hal.o
 .debug_rnglists
                0x0000024e       0xed ./Drivers/STM32F1xx_HAL_Driver/Src/stm32f1xx_hal_can.o
 .debug_rnglists
                0x0000033b       0xbb ./Drivers/STM32F1xx_HAL_Driver/Src/stm32f1xx_hal_cortex.o
 .debug_rnglists
                0x000003f6       0x3f ./Drivers/STM32F1xx_HAL_Driver/Src/stm32f1xx_hal_gpio.o
 .debug_rnglists
                0x00000435      0x23c ./Drivers/STM32F1xx_HAL_Driver/Src/stm32f1xx_hal_i2c.o
 .debug_rnglists
                0x00000671       0x6c ./Drivers/STM32F1xx_HAL_Driver/Src/stm32f1xx_hal_rcc.o
 .debug_rnglists
                0x000006dd      0x31a ./Drivers/STM32F1xx_HAL_Driver/Src/stm32f1xx_hal_tim.o
 .debug_rnglists
                0x000009f7      0x125 ./Drivers/STM32F1xx_HAL_Driver/Src/stm32f1xx_hal_tim_ex.o
 .debug_rnglists
                0x00000b1c      0x276 ./Drivers/VL53L0X/core/src/vl53l0x_api.o
 .debug_rnglists
                0x00000d92       0xa4 ./Drivers/VL53L0X/core/src/vl53l0x_api_calibration.o
 .debug_rnglists
                0x00000e36       0xae ./Drivers/VL53L0X/core/src/vl53l0x_api_core.o
 .debug_rnglists
                0x00000ee4       0x44 ./Drivers/VL53L0X/core/src/vl53l0x_api_strings.o
 .debug_rnglists
                0x00000f28       0x55 ./Drivers/VL53L0X/platform/src/vl53l0x_platform.o

.debug_macro    0x00000000    0x197db
 .debug_macro   0x00000000      0x373 ./Core/Src/main.o
 .debug_macro   0x00000373      0xacc ./Core/Src/main.o
 .debug_macro   0x00000e3f      0x221 ./Core/Src/main.o
 .debug_macro   0x00001060       0x2e ./Core/Src/main.o
 .debug_macro   0x0000108e       0x22 ./Core/Src/main.o
 .debug_macro   0x000010b0       0x22 ./Core/Src/main.o
 .debug_macro   0x000010d2       0x8e ./Core/Src/main.o
 .debug_macro   0x00001160       0x51 ./Core/Src/main.o
 .debug_macro   0x000011b1      0x103 ./Core/Src/main.o
 .debug_macro   0x000012b4       0x6a ./Core/Src/main.o
 .debug_macro   0x0000131e      0x1df ./Core/Src/main.o
 .debug_macro   0x000014fd       0x1c ./Core/Src/main.o
 .debug_macro   0x00001519       0x22 ./Core/Src/main.o
 .debug_macro   0x0000153b       0xbd ./Core/Src/main.o
 .debug_macro   0x000015f8      0xd23 ./Core/Src/main.o
 .debug_macro   0x0000231b     0xe09e ./Core/Src/main.o
 .debug_macro   0x000103b9       0x6d ./Core/Src/main.o
 .debug_macro   0x00010426     0x34a2 ./Core/Src/main.o
 .debug_macro   0x000138c8      0x190 ./Core/Src/main.o
 .debug_macro   0x00013a58       0x5c ./Core/Src/main.o
 .debug_macro   0x00013ab4      0x5bc ./Core/Src/main.o
 .debug_macro   0x00014070      0x289 ./Core/Src/main.o
 .debug_macro   0x000142f9      0x1cb ./Core/Src/main.o
 .debug_macro   0x000144c4      0x114 ./Core/Src/main.o
 .debug_macro   0x000145d8      0x1b2 ./Core/Src/main.o
 .debug_macro   0x0001478a       0x27 ./Core/Src/main.o
 .debug_macro   0x000147b1      0x136 ./Core/Src/main.o
 .debug_macro   0x000148e7      0x1bc ./Core/Src/main.o
 .debug_macro   0x00014aa3       0x34 ./Core/Src/main.o
 .debug_macro   0x00014ad7       0x3c ./Core/Src/main.o
 .debug_macro   0x00014b13      0x408 ./Core/Src/main.o
 .debug_macro   0x00014f1b       0x57 ./Core/Src/main.o
 .debug_macro   0x00014f72       0x87 ./Core/Src/main.o
 .debug_macro   0x00014ff9      0x240 ./Core/Src/main.o
 .debug_macro   0x00015239      0x287 ./Core/Src/main.o
 .debug_macro   0x000154c0      0x140 ./Core/Src/main.o
 .debug_macro   0x00015600      0x8ed ./Core/Src/main.o
 .debug_macro   0x00015eed       0x83 ./Core/Src/main.o
 .debug_macro   0x00015f70       0x4c ./Core/Src/main.o
 .debug_macro   0x00015fbc       0x61 ./Core/Src/main.o
 .debug_macro   0x0001601d       0x24 ./Core/Src/main.o
 .debug_macro   0x00016041       0x43 ./Core/Src/main.o
 .debug_macro   0x00016084       0x34 ./Core/Src/main.o
 .debug_macro   0x000160b8      0x370 ./Core/Src/main.o
 .debug_macro   0x00016428       0x16 ./Core/Src/main.o
 .debug_macro   0x0001643e       0x4a ./Core/Src/main.o
 .debug_macro   0x00016488       0x34 ./Core/Src/main.o
 .debug_macro   0x000164bc       0x10 ./Core/Src/main.o
 .debug_macro   0x000164cc       0x58 ./Core/Src/main.o
 .debug_macro   0x00016524       0x8e ./Core/Src/main.o
 .debug_macro   0x000165b2       0x1c ./Core/Src/main.o
 .debug_macro   0x000165ce      0x185 ./Core/Src/main.o
 .debug_macro   0x00016753       0x10 ./Core/Src/main.o
 .debug_macro   0x00016763       0x3c ./Core/Src/main.o
 .debug_macro   0x0001679f       0x20 ./Core/Src/main.o
 .debug_macro   0x000167bf       0x1c ./Core/Src/main.o
 .debug_macro   0x000167db       0x10 ./Core/Src/main.o
 .debug_macro   0x000167eb       0x1c ./Core/Src/main.o
 .debug_macro   0x00016807       0x16 ./Core/Src/main.o
 .debug_macro   0x0001681d      0x146 ./Core/Src/main.o
 .debug_macro   0x00016963      0x19b ./Core/Src/main.o
 .debug_macro   0x00016afe       0x76 ./Core/Src/main.o
 .debug_macro   0x00016b74      0x29c ./Core/Src/main.o
 .debug_macro   0x00016e10      0x203 ./Core/Src/main.o
 .debug_macro   0x00017013       0x34 ./Core/Src/main.o
 .debug_macro   0x00017047       0x17 ./Core/Src/main.o
 .debug_macro   0x0001705e      0x1d2 ./Core/Src/main.o
 .debug_macro   0x00017230      0x1bc ./Core/Src/stm32f1xx_hal_msp.o
 .debug_macro   0x000173ec      0x1c6 ./Core/Src/stm32f1xx_it.o
 .debug_macro   0x000175b2      0x1ad ./Core/Src/system_stm32f1xx.o
 .debug_macro   0x0001775f      0x1d1 ./Drivers/STM32F1xx_HAL_Driver/Src/stm32f1xx_hal.o
 .debug_macro   0x00017930      0x1bc ./Drivers/STM32F1xx_HAL_Driver/Src/stm32f1xx_hal_can.o
 .debug_macro   0x00017aec      0x1ad ./Drivers/STM32F1xx_HAL_Driver/Src/stm32f1xx_hal_cortex.o
 .debug_macro   0x00017c99      0x218 ./Drivers/STM32F1xx_HAL_Driver/Src/stm32f1xx_hal_gpio.o
 .debug_macro   0x00017eb1      0x1fb ./Drivers/STM32F1xx_HAL_Driver/Src/stm32f1xx_hal_i2c.o
 .debug_macro   0x000180ac      0x1bf ./Drivers/STM32F1xx_HAL_Driver/Src/stm32f1xx_hal_rcc.o
 .debug_macro   0x0001826b      0x1ae ./Drivers/STM32F1xx_HAL_Driver/Src/stm32f1xx_hal_tim.o
 .debug_macro   0x00018419      0x1ad ./Drivers/STM32F1xx_HAL_Driver/Src/stm32f1xx_hal_tim_ex.o
 .debug_macro   0x000185c6      0x393 ./Drivers/VL53L0X/core/src/vl53l0x_api.o
 .debug_macro   0x00018959       0x16 ./Drivers/VL53L0X/core/src/vl53l0x_api.o
 .debug_macro   0x0001896f       0x16 ./Drivers/VL53L0X/core/src/vl53l0x_api.o
 .debug_macro   0x00018985       0x16 ./Drivers/VL53L0X/core/src/vl53l0x_api.o
 .debug_macro   0x0001899b       0x2e ./Drivers/VL53L0X/core/src/vl53l0x_api.o
 .debug_macro   0x000189c9       0x56 ./Drivers/VL53L0X/core/src/vl53l0x_api.o
 .debug_macro   0x00018a1f      0x38d ./Drivers/VL53L0X/core/src/vl53l0x_api_calibration.o
 .debug_macro   0x00018dac      0x37b ./Drivers/VL53L0X/core/src/vl53l0x_api_core.o
 .debug_macro   0x00019127      0x375 ./Drivers/VL53L0X/core/src/vl53l0x_api_strings.o
 .debug_macro   0x0001949c      0x33f ./Drivers/VL53L0X/platform/src/vl53l0x_platform.o

.debug_line     0x00000000    0x159a7
 .debug_line    0x00000000     0x1348 ./Core/Src/main.o
 .debug_line    0x00001348      0x817 ./Core/Src/stm32f1xx_hal_msp.o
 .debug_line    0x00001b5f      0x7d9 ./Core/Src/stm32f1xx_it.o
 .debug_line    0x00002338      0x791 ./Core/Src/system_stm32f1xx.o
 .debug_line    0x00002ac9       0x78 ./Core/Startup/startup_stm32f103c8tx.o
 .debug_line    0x00002b41      0x9c2 ./Drivers/STM32F1xx_HAL_Driver/Src/stm32f1xx_hal.o
 .debug_line    0x00003503     0x11bb ./Drivers/STM32F1xx_HAL_Driver/Src/stm32f1xx_hal_can.o
 .debug_line    0x000046be      0xb8c ./Drivers/STM32F1xx_HAL_Driver/Src/stm32f1xx_hal_cortex.o
 .debug_line    0x0000524a      0xa1f ./Drivers/STM32F1xx_HAL_Driver/Src/stm32f1xx_hal_gpio.o
 .debug_line    0x00005c69     0x3bbf ./Drivers/STM32F1xx_HAL_Driver/Src/stm32f1xx_hal_i2c.o
 .debug_line    0x00009828      0xe7b ./Drivers/STM32F1xx_HAL_Driver/Src/stm32f1xx_hal_rcc.o
 .debug_line    0x0000a6a3     0x34b0 ./Drivers/STM32F1xx_HAL_Driver/Src/stm32f1xx_hal_tim.o
 .debug_line    0x0000db53     0x1886 ./Drivers/STM32F1xx_HAL_Driver/Src/stm32f1xx_hal_tim_ex.o
 .debug_line    0x0000f3d9     0x1fbf ./Drivers/VL53L0X/core/src/vl53l0x_api.o
 .debug_line    0x00011398     0x132c ./Drivers/VL53L0X/core/src/vl53l0x_api_calibration.o
 .debug_line    0x000126c4     0x1af3 ./Drivers/VL53L0X/core/src/vl53l0x_api_core.o
 .debug_line    0x000141b7      0xc4d ./Drivers/VL53L0X/core/src/vl53l0x_api_strings.o
 .debug_line    0x00014e04      0xba3 ./Drivers/VL53L0X/platform/src/vl53l0x_platform.o

.debug_str      0x00000000    0x9467e
 .debug_str     0x00000000    0x9467e ./Core/Src/main.o
                              0x8ed53 (size before relaxing)
 .debug_str     0x0009467e    0x864a1 ./Core/Src/stm32f1xx_hal_msp.o
 .debug_str     0x0009467e    0x859be ./Core/Src/stm32f1xx_it.o
 .debug_str     0x0009467e    0x855d4 ./Core/Src/system_stm32f1xx.o
 .debug_str     0x0009467e       0x85 ./Core/Startup/startup_stm32f103c8tx.o
 .debug_str     0x0009467e    0x85d07 ./Drivers/STM32F1xx_HAL_Driver/Src/stm32f1xx_hal.o
 .debug_str     0x0009467e    0x85ddc ./Drivers/STM32F1xx_HAL_Driver/Src/stm32f1xx_hal_can.o
 .debug_str     0x0009467e    0x85c53 ./Drivers/STM32F1xx_HAL_Driver/Src/stm32f1xx_hal_cortex.o
 .debug_str     0x0009467e    0x8595a ./Drivers/STM32F1xx_HAL_Driver/Src/stm32f1xx_hal_gpio.o
 .debug_str     0x0009467e    0x8669b ./Drivers/STM32F1xx_HAL_Driver/Src/stm32f1xx_hal_i2c.o
 .debug_str     0x0009467e    0x85a03 ./Drivers/STM32F1xx_HAL_Driver/Src/stm32f1xx_hal_rcc.o
 .debug_str     0x0009467e    0x86a05 ./Drivers/STM32F1xx_HAL_Driver/Src/stm32f1xx_hal_tim.o
 .debug_str     0x0009467e    0x86211 ./Drivers/STM32F1xx_HAL_Driver/Src/stm32f1xx_hal_tim_ex.o
 .debug_str     0x0009467e    0x8ee19 ./Drivers/VL53L0X/core/src/vl53l0x_api.o
 .debug_str     0x0009467e    0x8ded1 ./Drivers/VL53L0X/core/src/vl53l0x_api_calibration.o
 .debug_str     0x0009467e    0x8e4a3 ./Drivers/VL53L0X/core/src/vl53l0x_api_core.o
 .debug_str     0x0009467e    0x8d60f ./Drivers/VL53L0X/core/src/vl53l0x_api_strings.o
 .debug_str     0x0009467e    0x8d3a3 ./Drivers/VL53L0X/platform/src/vl53l0x_platform.o

.comment        0x00000000       0x43
 .comment       0x00000000       0x43 ./Core/Src/main.o
                                 0x44 (size before relaxing)
 .comment       0x00000043       0x44 ./Core/Src/stm32f1xx_hal_msp.o
 .comment       0x00000043       0x44 ./Core/Src/stm32f1xx_it.o
 .comment       0x00000043       0x44 ./Core/Src/system_stm32f1xx.o
 .comment       0x00000043       0x44 ./Drivers/STM32F1xx_HAL_Driver/Src/stm32f1xx_hal.o
 .comment       0x00000043       0x44 ./Drivers/STM32F1xx_HAL_Driver/Src/stm32f1xx_hal_can.o
 .comment       0x00000043       0x44 ./Drivers/STM32F1xx_HAL_Driver/Src/stm32f1xx_hal_cortex.o
 .comment       0x00000043       0x44 ./Drivers/STM32F1xx_HAL_Driver/Src/stm32f1xx_hal_gpio.o
 .comment       0x00000043       0x44 ./Drivers/STM32F1xx_HAL_Driver/Src/stm32f1xx_hal_i2c.o
 .comment       0x00000043       0x44 ./Drivers/STM32F1xx_HAL_Driver/Src/stm32f1xx_hal_rcc.o
 .comment       0x00000043       0x44 ./Drivers/STM32F1xx_HAL_Driver/Src/stm32f1xx_hal_tim.o
 .comment       0x00000043       0x44 ./Drivers/STM32F1xx_HAL_Driver/Src/stm32f1xx_hal_tim_ex.o
 .comment       0x00000043       0x44 ./Drivers/VL53L0X/core/src/vl53l0x_api.o
 .comment       0x00000043       0x44 ./Drivers/VL53L0X/core/src/vl53l0x_api_calibration.o
 .comment       0x00000043       0x44 ./Drivers/VL53L0X/core/src/vl53l0x_api_core.o
 .comment       0x00000043       0x44 ./Drivers/VL53L0X/core/src/vl53l0x_api_strings.o
 .comment       0x00000043       0x44 ./Drivers/VL53L0X/platform/src/vl53l0x_platform.o

.debug_frame    0x00000000     0x56dc
 .debug_frame   0x00000000      0x480 ./Core/Src/main.o
 .debug_frame   0x00000480      0x13c ./Core/Src/stm32f1xx_hal_msp.o
 .debug_frame   0x000005bc      0x120 ./Core/Src/stm32f1xx_it.o
 .debug_frame   0x000006dc       0x58 ./Core/Src/system_stm32f1xx.o
 .debug_frame   0x00000734      0x334 ./Drivers/STM32F1xx_HAL_Driver/Src/stm32f1xx_hal.o
 .debug_frame   0x00000a68      0x5a0 ./Drivers/STM32F1xx_HAL_Driver/Src/stm32f1xx_hal_can.o
 .debug_frame   0x00001008      0x428 ./Drivers/STM32F1xx_HAL_Driver/Src/stm32f1xx_hal_cortex.o
 .debug_frame   0x00001430      0x14c ./Drivers/STM32F1xx_HAL_Driver/Src/stm32f1xx_hal_gpio.o
 .debug_frame   0x0000157c      0xc84 ./Drivers/STM32F1xx_HAL_Driver/Src/stm32f1xx_hal_i2c.o
 .debug_frame   0x00002200      0x218 ./Drivers/STM32F1xx_HAL_Driver/Src/stm32f1xx_hal_rcc.o
 .debug_frame   0x00002418     0x11b8 ./Drivers/STM32F1xx_HAL_Driver/Src/stm32f1xx_hal_tim.o
 .debug_frame   0x000035d0      0x638 ./Drivers/STM32F1xx_HAL_Driver/Src/stm32f1xx_hal_tim_ex.o
 .debug_frame   0x00003c08      0xe94 ./Drivers/VL53L0X/core/src/vl53l0x_api.o
 .debug_frame   0x00004a9c      0x374 ./Drivers/VL53L0X/core/src/vl53l0x_api_calibration.o
 .debug_frame   0x00004e10      0x3c4 ./Drivers/VL53L0X/core/src/vl53l0x_api_core.o
 .debug_frame   0x000051d4      0x168 ./Drivers/VL53L0X/core/src/vl53l0x_api_strings.o
 .debug_frame   0x0000533c      0x1c0 ./Drivers/VL53L0X/platform/src/vl53l0x_platform.o
 .debug_frame   0x000054fc       0x20 C:/ST/STM32CubeIDE_1.19.0/STM32CubeIDE/plugins/com.st.stm32cube.ide.mcu.externaltools.gnu-tools-for-stm32.13.3.rel1.win32_1.0.0.202411081344/tools/bin/../lib/gcc/arm-none-eabi/13.3.1/../../../../arm-none-eabi/lib/thumb/v7-m/nofp\libc_nano.a(libc_a-memset.o)
 .debug_frame   0x0000551c       0x2c C:/ST/STM32CubeIDE_1.19.0/STM32CubeIDE/plugins/com.st.stm32cube.ide.mcu.externaltools.gnu-tools-for-stm32.13.3.rel1.win32_1.0.0.202411081344/tools/bin/../lib/gcc/arm-none-eabi/13.3.1/../../../../arm-none-eabi/lib/thumb/v7-m/nofp\libc_nano.a(libc_a-init.o)
 .debug_frame   0x00005548       0x20 C:/ST/STM32CubeIDE_1.19.0/STM32CubeIDE/plugins/com.st.stm32cube.ide.mcu.externaltools.gnu-tools-for-stm32.13.3.rel1.win32_1.0.0.202411081344/tools/bin/../lib/gcc/arm-none-eabi/13.3.1/../../../../arm-none-eabi/lib/thumb/v7-m/nofp\libc_nano.a(libc_a-strcpy.o)
 .debug_frame   0x00005568       0x28 C:/ST/STM32CubeIDE_1.19.0/STM32CubeIDE/plugins/com.st.stm32cube.ide.mcu.externaltools.gnu-tools-for-stm32.13.3.rel1.win32_1.0.0.202411081344/tools/bin/../lib/gcc/arm-none-eabi/13.3.1/../../../../arm-none-eabi/lib/thumb/v7-m/nofp\libc_nano.a(libc_a-memcpy-stub.o)
 .debug_frame   0x00005590       0x4c C:/ST/STM32CubeIDE_1.19.0/STM32CubeIDE/plugins/com.st.stm32cube.ide.mcu.externaltools.gnu-tools-for-stm32.13.3.rel1.win32_1.0.0.202411081344/tools/bin/../lib/gcc/arm-none-eabi/13.3.1/thumb/v7-m/nofp\libgcc.a(_arm_addsubsf3.o)
 .debug_frame   0x000055dc       0x38 C:/ST/STM32CubeIDE_1.19.0/STM32CubeIDE/plugins/com.st.stm32cube.ide.mcu.externaltools.gnu-tools-for-stm32.13.3.rel1.win32_1.0.0.202411081344/tools/bin/../lib/gcc/arm-none-eabi/13.3.1/thumb/v7-m/nofp\libgcc.a(_arm_muldivsf3.o)
 .debug_frame   0x00005614       0xc8 C:/ST/STM32CubeIDE_1.19.0/STM32CubeIDE/plugins/com.st.stm32cube.ide.mcu.externaltools.gnu-tools-for-stm32.13.3.rel1.win32_1.0.0.202411081344/tools/bin/../lib/gcc/arm-none-eabi/13.3.1/thumb/v7-m/nofp\libgcc.a(_arm_cmpsf2.o)

.debug_line_str
                0x00000000       0x69
 .debug_line_str
                0x00000000       0x69 ./Core/Startup/startup_stm32f103c8tx.o
