../Core/Src/main.c:93:13:IMU_SendData	2
../Core/Src/main.c:104:13:CAN1_FilterOnly_StdId_FIFO0	2
../Core/Src/main.c:129:13:CAN1_StartRxInterrupt	3
../Core/Src/main.c:143:5:main	5
../Core/Src/main.c:224:6:SystemClock_Config	3
../Core/Src/main.c:270:13:MX_CAN1_Init	2
../Core/Src/main.c:307:13:MX_I2C1_Init	2
../Core/Src/main.c:341:13:MX_I2S3_Init	2
../Core/Src/main.c:375:13:MX_SPI1_Init	2
../Core/Src/main.c:413:13:MX_USART2_UART_Init	2
../Core/Src/main.c:446:13:MX_GPIO_Init	1
../Core/Src/main.c:540:6:HAL_CAN_RxFifo0MsgPendingCallback	9
../Core/Src/main.c:591:6:Error_Handler	1
