../Core/Src/main.c:112:13:IMU_SendData	72	static
../Core/Src/main.c:128:13:CAN1_FilterOnly_StdId_FIFO0	64	static
../Core/Src/main.c:151:13:CAN1_StartRxInterrupt	8	static
../Core/Src/main.c:162:13:CAN1_TxInit_LoadingCmd	8	static
../Core/Src/main.c:172:13:CAN1_SendLoadingCmd	16	static
../Core/Src/main.c:190:13:UART3_StartRxIT	8	static
../Core/Src/main.c:206:5:main	24	static
../Core/Src/main.c:307:6:SystemClock_Config	88	static
../Core/Src/main.c:353:13:MX_CAN1_Init	8	static
../Core/Src/main.c:390:13:MX_I2C1_Init	8	static
../Core/Src/main.c:424:13:MX_I2S3_Init	8	static
../Core/Src/main.c:458:13:MX_USART2_UART_Init	8	static
../Core/Src/main.c:491:13:MX_USART3_UART_Init	8	static
../Core/Src/main.c:524:13:MX_GPIO_Init	56	static
../Core/Src/main.c:619:6:HAL_CAN_RxFifo0MsgPendingCallback	32	static
../Core/Src/main.c:664:6:HAL_UART_RxCpltCallback	24	static
../Core/Src/main.c:708:6:Error_Handler	4	static,ignoring_inline_asm
