../Core/Src/main.c:93:13:IMU_SendData	80	static
../Core/Src/main.c:104:13:CAN1_FilterOnly_StdId_FIFO0	64	static
../Core/Src/main.c:129:13:CAN1_StartRxInterrupt	8	static
../Core/Src/main.c:143:5:main	24	static
../Core/Src/main.c:224:6:SystemClock_Config	88	static
../Core/Src/main.c:270:13:MX_CAN1_Init	8	static
../Core/Src/main.c:307:13:MX_I2C1_Init	8	static
../Core/Src/main.c:341:13:MX_I2S3_Init	8	static
../Core/Src/main.c:375:13:MX_SPI1_Init	8	static
../Core/Src/main.c:413:13:MX_USART2_UART_Init	8	static
../Core/Src/main.c:446:13:MX_GPIO_Init	56	static
../Core/Src/main.c:540:6:HAL_CAN_RxFifo0MsgPendingCallback	32	static
../Core/Src/main.c:591:6:Error_Handler	4	static,ignoring_inline_asm
